1,"resource\cb__seal_00.NANR"
1,"resource\cb__seal_01.NANR"
1,"resource\cb__seal_02.NANR"
1,"resource\cb__seal_03.NANR"
1,"resource\cb__seal_04.NANR"
1,"resource\cb__seal_05.NANR"
1,"resource\cb__seal_06.NANR"
1,"resource\cb__seal_07.NANR"
1,"resource\cb__seal_08.NANR"
1,"resource\cb__seal_09.NANR"
1,"resource\cb__seal_10.NANR"
1,"resource\cb__seal_11.NANR"
1,"resource\cb__seal_12.NANR"
1,"resource\cb__seal_13.NANR"
1,"resource\cb__seal_14.NANR"
1,"resource\cb__seal_15.NANR"
1,"resource\cb__seal_15_2.NANR"
1,"resource\cb__seal_16.NANR"
1,"resource\cb__seal_17.NANR"
1,"resource\cb__seal_18.NANR"
1,"resource\cb__seal_19.NANR"
1,"resource\cb__seal_20.NANR"
1,"resource\cb__seal_21.NANR"
1,"resource\cb__seal_22.NANR"
1,"resource\cb__seal_23.NANR"
1,"resource\cb__seal_24.NANR"
1,"resource\cb__seal_25.NANR"
1,"resource\cb__seal_26.NANR"
1,"resource\cb__seal_27.NANR"
1,"resource\cb__seal_28.NANR"
1,"resource\cb__seal_29.NANR"
1,"resource\cb__seal_30.NANR"
1,"resource\cb__seal_31.NANR"
1,"resource\cb__seal_32.NANR"
1,"resource\cb__seal_33.NANR"
1,"resource\cb__seal_34.NANR"
1,"resource\cb__seal_35.NANR"
1,"resource\cb__seal_36.NANR"
1,"resource\cb__seal_37.NANR"
1,"resource\cb__seal_38.NANR"
1,"resource\cb__seal_39.NANR"
1,"resource\cb__seal_40.NANR"
1,"resource\cb__seal_41.NANR"
1,"resource\cb__seal_42.NANR"
1,"resource\cb__seal_43.NANR"
1,"resource\cb__seal_44.NANR"
1,"resource\cb__seal_45.NANR"
1,"resource\cb__seal_46.NANR"
1,"resource\cb__seal_47.NANR"
1,"resource\cb__seal_48.NANR"
1,"resource\cb__seal_49.NANR"
1,"resource\cb__seal_50.NANR"
1,"resource\cb__seal_51.NANR"
1,"resource\cb__seal_52.NANR"
1,"resource\cb__seal_53.NANR"
1,"resource\cb__seal_54.NANR"
1,"resource\cb__seal_55.NANR"
1,"resource\cb__seal_56.NANR"
1,"resource\cb__seal_57.NANR"
1,"resource\cb__seal_58.NANR"
1,"resource\cb__seal_59.NANR"
1,"resource\cb__seal_60.NANR"
1,"resource\cb__seal_61.NANR"
1,"resource\cb__seal_62.NANR"
1,"resource\cb__seal_63.NANR"
1,"resource\cb__seal_64.NANR"
1,"resource\cb__seal_65.NANR"
1,"resource\cb__seal_66.NANR"
1,"resource\cb__seal_67.NANR"
1,"resource\cb__seal_68.NANR"
1,"resource\cb__seal_69.NANR"
1,"resource\cb__seal_70.NANR"
1,"resource\cb__seal_71.NANR"
1,"resource\cb__seal_72.NANR"
1,"resource\cb__seal_73.NANR"
1,"resource\cb__seal_74.NANR"
1,"resource\cb__seal_75.NANR"
1,"resource\cb__seal_76.NANR"
1,"resource\cb__seal_77.NANR"
1,"resource\cb__seal_78.NANR"
1,"resource\cb__seal_79.NANR"
1,"resource\cb_animec_01.NANR"
1,"resource\cb_ball_obj.NANR"
1,"resource\cb_button_01.NANR"
1,"resource\cb_button_kaku01.NANR"
1,"resource\cb_button_sc01.NANR"
1,"resource\cb_button_sc02.NANR"
1,"resource\cb_cur_obj.NANR"
1,"resource\cb_li_seal_01.NANR"
1,"resource\cb_li_seal_02.NANR"
1,"resource\cb_li_seal_03.NANR"
1,"resource\cb_li_seal_04.NANR"
1,"resource\cb__seal_00.NCER"
1,"resource\cb__seal_01.NCER"
1,"resource\cb__seal_02.NCER"
1,"resource\cb__seal_03.NCER"
1,"resource\cb__seal_04.NCER"
1,"resource\cb__seal_05.NCER"
1,"resource\cb__seal_06.NCER"
1,"resource\cb__seal_07.NCER"
1,"resource\cb__seal_08.NCER"
1,"resource\cb__seal_09.NCER"
1,"resource\cb__seal_10.NCER"
1,"resource\cb__seal_11.NCER"
1,"resource\cb__seal_12.NCER"
1,"resource\cb__seal_13.NCER"
1,"resource\cb__seal_14.NCER"
1,"resource\cb__seal_15.NCER"
1,"resource\cb__seal_15_2.NCER"
1,"resource\cb__seal_16.NCER"
1,"resource\cb__seal_17.NCER"
1,"resource\cb__seal_18.NCER"
1,"resource\cb__seal_19.NCER"
1,"resource\cb__seal_20.NCER"
1,"resource\cb__seal_21.NCER"
1,"resource\cb__seal_22.NCER"
1,"resource\cb__seal_23.NCER"
1,"resource\cb__seal_24.NCER"
1,"resource\cb__seal_25.NCER"
1,"resource\cb__seal_26.NCER"
1,"resource\cb__seal_27.NCER"
1,"resource\cb__seal_28.NCER"
1,"resource\cb__seal_29.NCER"
1,"resource\cb__seal_30.NCER"
1,"resource\cb__seal_31.NCER"
1,"resource\cb__seal_32.NCER"
1,"resource\cb__seal_33.NCER"
1,"resource\cb__seal_34.NCER"
1,"resource\cb__seal_35.NCER"
1,"resource\cb__seal_36.NCER"
1,"resource\cb__seal_37.NCER"
1,"resource\cb__seal_38.NCER"
1,"resource\cb__seal_39.NCER"
1,"resource\cb__seal_40.NCER"
1,"resource\cb__seal_41.NCER"
1,"resource\cb__seal_42.NCER"
1,"resource\cb__seal_43.NCER"
1,"resource\cb__seal_44.NCER"
1,"resource\cb__seal_45.NCER"
1,"resource\cb__seal_46.NCER"
1,"resource\cb__seal_47.NCER"
1,"resource\cb__seal_48.NCER"
1,"resource\cb__seal_49.NCER"
1,"resource\cb__seal_50.NCER"
1,"resource\cb__seal_51.NCER"
1,"resource\cb__seal_52.NCER"
1,"resource\cb__seal_53.NCER"
1,"resource\cb__seal_54.NCER"
1,"resource\cb__seal_55.NCER"
1,"resource\cb__seal_56.NCER"
1,"resource\cb__seal_57.NCER"
1,"resource\cb__seal_58.NCER"
1,"resource\cb__seal_59.NCER"
1,"resource\cb__seal_60.NCER"
1,"resource\cb__seal_61.NCER"
1,"resource\cb__seal_62.NCER"
1,"resource\cb__seal_63.NCER"
1,"resource\cb__seal_64.NCER"
1,"resource\cb__seal_65.NCER"
1,"resource\cb__seal_66.NCER"
1,"resource\cb__seal_67.NCER"
1,"resource\cb__seal_68.NCER"
1,"resource\cb__seal_69.NCER"
1,"resource\cb__seal_70.NCER"
1,"resource\cb__seal_71.NCER"
1,"resource\cb__seal_72.NCER"
1,"resource\cb__seal_73.NCER"
1,"resource\cb__seal_74.NCER"
1,"resource\cb__seal_75.NCER"
1,"resource\cb__seal_76.NCER"
1,"resource\cb__seal_77.NCER"
1,"resource\cb__seal_78.NCER"
1,"resource\cb__seal_79.NCER"
1,"resource\cb_animec_01.NCER"
1,"resource\cb_ball_obj.NCER"
1,"resource\cb_button_01.NCER"
1,"resource\cb_button_kaku01.NCER"
1,"resource\cb_button_sc01.NCER"
1,"resource\cb_button_sc02.NCER"
1,"resource\cb_cur_obj.NCER"
1,"resource\cb_li_seal_01.NCER"
1,"resource\cb_li_seal_02.NCER"
1,"resource\cb_li_seal_03.NCER"
1,"resource\cb_li_seal_04.NCER"
1,"resource\cb__seal_00.NCGR"
1,"resource\cb__seal_01.NCGR"
1,"resource\cb__seal_02.NCGR"
1,"resource\cb__seal_03.NCGR"
1,"resource\cb__seal_04.NCGR"
1,"resource\cb__seal_05.NCGR"
1,"resource\cb__seal_06.NCGR"
1,"resource\cb__seal_07.NCGR"
1,"resource\cb__seal_08.NCGR"
1,"resource\cb__seal_09.NCGR"
1,"resource\cb__seal_10.NCGR"
1,"resource\cb__seal_11.NCGR"
1,"resource\cb__seal_12.NCGR"
1,"resource\cb__seal_13.NCGR"
1,"resource\cb__seal_14.NCGR"
1,"resource\cb__seal_15.NCGR"
1,"resource\cb__seal_15_2.NCGR"
1,"resource\cb__seal_16.NCGR"
1,"resource\cb__seal_17.NCGR"
1,"resource\cb__seal_18.NCGR"
1,"resource\cb__seal_19.NCGR"
1,"resource\cb__seal_20.NCGR"
1,"resource\cb__seal_21.NCGR"
1,"resource\cb__seal_22.NCGR"
1,"resource\cb__seal_23.NCGR"
1,"resource\cb__seal_24.NCGR"
1,"resource\cb__seal_25.NCGR"
1,"resource\cb__seal_26.NCGR"
1,"resource\cb__seal_27.NCGR"
1,"resource\cb__seal_28.NCGR"
1,"resource\cb__seal_29.NCGR"
1,"resource\cb__seal_30.NCGR"
1,"resource\cb__seal_31.NCGR"
1,"resource\cb__seal_32.NCGR"
1,"resource\cb__seal_33.NCGR"
1,"resource\cb__seal_34.NCGR"
1,"resource\cb__seal_35.NCGR"
1,"resource\cb__seal_36.NCGR"
1,"resource\cb__seal_37.NCGR"
1,"resource\cb__seal_38.NCGR"
1,"resource\cb__seal_39.NCGR"
1,"resource\cb__seal_40.NCGR"
1,"resource\cb__seal_41.NCGR"
1,"resource\cb__seal_42.NCGR"
1,"resource\cb__seal_43.NCGR"
1,"resource\cb__seal_44.NCGR"
1,"resource\cb__seal_45.NCGR"
1,"resource\cb__seal_46.NCGR"
1,"resource\cb__seal_47.NCGR"
1,"resource\cb__seal_48.NCGR"
1,"resource\cb__seal_49.NCGR"
1,"resource\cb__seal_50.NCGR"
1,"resource\cb__seal_51.NCGR"
1,"resource\cb__seal_52.NCGR"
1,"resource\cb__seal_53.NCGR"
1,"resource\cb__seal_54.NCGR"
1,"resource\cb__seal_55.NCGR"
1,"resource\cb__seal_56.NCGR"
1,"resource\cb__seal_57.NCGR"
1,"resource\cb__seal_58.NCGR"
1,"resource\cb__seal_59.NCGR"
1,"resource\cb__seal_60.NCGR"
1,"resource\cb__seal_61.NCGR"
1,"resource\cb__seal_62.NCGR"
1,"resource\cb__seal_63.NCGR"
1,"resource\cb__seal_64.NCGR"
1,"resource\cb__seal_65.NCGR"
1,"resource\cb__seal_66.NCGR"
1,"resource\cb__seal_67.NCGR"
1,"resource\cb__seal_68.NCGR"
1,"resource\cb__seal_69.NCGR"
1,"resource\cb__seal_70.NCGR"
1,"resource\cb__seal_71.NCGR"
1,"resource\cb__seal_72.NCGR"
1,"resource\cb__seal_73.NCGR"
1,"resource\cb__seal_74.NCGR"
1,"resource\cb__seal_75.NCGR"
1,"resource\cb__seal_76.NCGR"
1,"resource\cb__seal_77.NCGR"
1,"resource\cb__seal_78.NCGR"
1,"resource\cb__seal_79.NCGR"
1,"resource\cb_animec_01.NCGR"
1,"resource\cb_ball_obj.NCGR"
1,"resource\cb_bg_b_01.NCGR"
1,"resource\cb_bg_t_01.NCGR"
1,"resource\cb_bg_t_02.NCGR"
1,"resource\cb_button_01.NCGR"
1,"resource\cb_button_01old.NCGR"
1,"resource\cb_button_kaku01.NCGR"
1,"resource\cb_button_sc01.NCGR"
1,"resource\cb_button_sc02.NCGR"
1,"resource\cb_cur_obj.NCGR"
1,"resource\cb_li_seal_01.NCGR"
1,"resource\cb_li_seal_02.NCGR"
1,"resource\cb_li_seal_03.NCGR"
1,"resource\cb_li_seal_04.NCGR"
1,"resource\cb_li_seal_05.NCGR"
1,"resource\cb_li_seal_06.NCGR"
0,"resource\cb_ball_obj.NCLR"
0,"resource\cb_bg_b_01.NCLR"
0,"resource\cb_bg_t_01.NCLR"
0,"resource\cb_bg_t_02.NCLR"
0,"resource\cb_button.NCLR"
0,"resource\cb_cur_obj.NCLR"
0,"resource\cb_li_seal.NCLR"
0,"resource\cb_seal.NCLR"
1,"resource\cb_bg_b_01.NSCR"
1,"resource\cb_bg_b_02.NSCR"
1,"resource\cb_bg_t_01.NSCR"
1,"resource\cb_bg_t_02.NSCR"
0,"resource\cb_font.NCLR"
