0,"contest_obj\contest_obj.NCLR"
1,"contest_obj\exclamation.NANR"
1,"contest_obj\exclamation.NCER"
1,"contest_obj\exclamation.NCGR"
1,"contest_obj\heart8.NANR"
1,"contest_obj\heart8.NCER"
1,"contest_obj\heart8.NCGR"
1,"contest_obj\heart16.NANR"
1,"contest_obj\heart16.NCER"
1,"contest_obj\heart16.NCGR"
1,"contest_obj\next_icon.NANR"
1,"contest_obj\next_icon.NCER"
1,"contest_obj\next_icon.NCGR"
1,"contest_obj\voltage8.NANR"
1,"contest_obj\voltage8.NCER"
1,"contest_obj\voltage8.NCGR"
1,"contest_obj\star16.NANR"
1,"contest_obj\star16.NCER"
1,"contest_obj\star16.NCGR"
1,"contest_obj\con_gorggeousm.NANR"
1,"contest_obj\con_gorggeousm.NCGR"
1,"contest_obj\con_gorggeousm.NCER"
0,"contest_obj\con_gorggeousm.NCLR"
1,"contest_obj\con_idol.NANR"
1,"contest_obj\con_idol.NCGR"
1,"contest_obj\con_idol.NCER"
0,"contest_obj\con_idol.NCLR"
1,"contest_obj\con_gentleman.NANR"
1,"contest_obj\con_gentleman.NCGR"
1,"contest_obj\con_gentleman.NCER"
0,"contest_obj\con_gentleman.NCLR"
1,"contest_obj\judge_box.NCGR"
1,"contest_obj\judge_box.NCER"
1,"contest_obj\judge_box.NANR"
1,"contest_obj\sub_heart32.NCGR"
1,"contest_obj\sub_heart32.NCER"
1,"contest_obj\sub_heart32.NANR"
1,"contest_obj\sub_heart8.NCGR"
1,"contest_obj\sub_heart8.NCER"
1,"contest_obj\sub_heart8.NANR"
1,"contest_obj\ctype_style.NCGR"
1,"contest_obj\ctype_style.NCER"
1,"contest_obj\ctype_style.NANR"
1,"contest_obj\ctype_cute.NCGR"
1,"contest_obj\ctype_beautiful.NCGR"
1,"contest_obj\ctype_clever.NCGR"
1,"contest_obj\ctype_strong.NCGR"
0,"contest_obj\contest_sub_obj.NCLR"
0,"contest_obj\kari_dance.NCLR"
1,"contest_obj\win_excellent.NCGR"
1,"contest_obj\win_excellent.NCER"
1,"contest_obj\win_excellent.NANR"
1,"contest_obj\onpu_b.NCGR"
1,"contest_obj\onpu_g.NCGR"
1,"contest_obj\onpu_r.NCGR"
1,"contest_obj\onpu_y.NCGR"
1,"contest_obj\onpu_b.NCER"
1,"contest_obj\onpu_b.NANR"
0,"contest_obj\contest_dance_obj.NCLR"
1,"contest_obj\my_cursor.NCGR"
1,"contest_obj\my_cursor.NCER"
1,"contest_obj\my_cursor.NANR"
0,"contest_obj\contest_visual_obj.NCLR"
0,"contest_obj\contest_visual_sub_obj.NCLR"
1,"contest_obj\audience_heart.NCGR"
1,"contest_obj\audience_heart.NCER"
1,"contest_obj\audience_heart.NANR"
1,"contest_obj\space_64k_8x16.NCGR"
1,"contest_obj\space_64k_8x16.NANR"
1,"contest_obj\space_64k_8x16.NCER"
0,"contest_obj\contest_fontobj.NCLR"
1,"contest_obj\flower.NCGR"
1,"contest_obj\flower.NCER"
1,"contest_obj\flower.NANR"
1,"contest_obj\prin.NCGR"
1,"contest_obj\prin.NCER"
1,"contest_obj\prin.NANR"
1,"contest_obj\confetti.NANR"
1,"contest_obj\confetti.NCER"
1,"contest_obj\confetti.NCGR"
1,"contest_obj\ranking.NANR"
1,"contest_obj\ranking.NCER"
1,"contest_obj\ranking.NCGR"
0,"contest_obj\contest_kekka_obj.NCLR"
1,"contest_obj\con_kekka_meter.NANR"
1,"contest_obj\con_kekka_meter.NCER"
1,"contest_obj\con_kekka_meter.NCGR"
0,"contest_obj\contest_kekka_meter.NCLR"
1,"contest_obj\shadow.NANR"
1,"contest_obj\shadow.NCER"
1,"contest_obj\shadow.NCGR"
1,"contest_obj\spotlight.NANR"
1,"contest_obj\spotlight.NCER"
1,"contest_obj\spotlight.NCGR"
1,"contest_obj\star.NANR"
1,"contest_obj\star.NCER"
1,"contest_obj\star.NCGR"
