1,"contest_bg\con_bg2.NSCR"
1,"contest_bg\con_bg.NCGR"
1,"contest_bg\con_bg.NSCR"
0,"contest_bg\contest_bg.NCLR"
1,"contest_bg\panel.NCGR"
1,"contest_bg\panel.NSCR"
1,"contest_bg\brdpanel.NSCR"
0,"contest_bg\contest_sub.NCLR"
1,"contest_bg\con_waza_but.NSCR"
1,"contest_bg\con_tit.NSCR"
1,"contest_bg\con_sub_bg.NSCR"
1,"contest_bg\con_sub.NCGR"
1,"contest_bg\con_sinsa_but.NSCR"
1,"contest_bg\con_but.NCGR"
0,"contest_bg\contest_dance_bg.NCLR"
1,"contest_bg\con_dance_donchou.NSCR"
1,"contest_bg\con_dance_bg.NCGR"
1,"contest_bg\con_dance_bg.NSCR"
0,"contest_bg\contest_dance_sub_bg.NCLR"
1,"contest_bg\con_dance_but_anim.NCGR"
1,"contest_bg\con_dance_but.NSCR"
1,"contest_bg\con_dance_but.NCGR"
0,"contest_bg\contest_visual_sub_bg.NCLR"
1,"contest_bg\con_visual_sub_bg.NCGR"
1,"contest_bg\con_visual__sub_bg.NSCR"
0,"contest_bg\contest_visual_bg.NCLR"
1,"contest_bg\con_visual_donchou.NSCR"
1,"contest_bg\con_visual_bg.NSCR"
1,"contest_bg\con_visual_bg.NCGR"
0,"contest_bg\con_bg_font.NCLR"
1,"contest_bg\dontyou_anim.NCGR"
0,"contest_bg\dontyou_anim.NCLR"
0,"contest_bg\contest_subtit.NCLR"
1,"contest_bg\con_kekka00.NSCR"
1,"contest_bg\con_kekka01.NSCR"
1,"contest_bg\con_kekka_bg.NCGR"
0,"contest_bg\contest_kekka_bg.NCLR"
0,"contest_bg\con_engi_but.NCLR"
1,"contest_bg\con_dance_sub.NSCR"
1,"contest_bg\con_engi_sub_bg.NSCR"
