POKEGRA	=\
	pmdp_000_back_f.ncg	\
	pmdp_000_back_m.ncg	\
	pmdp_000_frnt_f.ncg	\
	pmdp_000_frnt_m.ncg	\
	pmdp_001_back_f.ncg	\
	pmdp_001_back_m.ncg	\
	pmdp_001_frnt_f.ncg	\
	pmdp_001_frnt_m.ncg	\
	pmdp_002_back_f.ncg	\
	pmdp_002_back_m.ncg	\
	pmdp_002_frnt_f.ncg	\
	pmdp_002_frnt_m.ncg	\
	pmdp_003_back_f.ncg	\
	pmdp_003_back_m.ncg	\
	pmdp_003_frnt_f.ncg	\
	pmdp_003_frnt_m.ncg	\
	pmdp_004_back_f.ncg	\
	pmdp_004_back_m.ncg	\
	pmdp_004_frnt_f.ncg	\
	pmdp_004_frnt_m.ncg	\
	pmdp_005_back_f.ncg	\
	pmdp_005_back_m.ncg	\
	pmdp_005_frnt_f.ncg	\
	pmdp_005_frnt_m.ncg	\
	pmdp_006_back_f.ncg	\
	pmdp_006_back_m.ncg	\
	pmdp_006_frnt_f.ncg	\
	pmdp_006_frnt_m.ncg	\
	pmdp_007_back_f.ncg	\
	pmdp_007_back_m.ncg	\
	pmdp_007_frnt_f.ncg	\
	pmdp_007_frnt_m.ncg	\
	pmdp_008_back_f.ncg	\
	pmdp_008_back_m.ncg	\
	pmdp_008_frnt_f.ncg	\
	pmdp_008_frnt_m.ncg	\
	pmdp_009_back_f.ncg	\
	pmdp_009_back_m.ncg	\
	pmdp_009_frnt_f.ncg	\
	pmdp_009_frnt_m.ncg	\
	pmdp_010_back_f.ncg	\
	pmdp_010_back_m.ncg	\
	pmdp_010_frnt_f.ncg	\
	pmdp_010_frnt_m.ncg	\
	pmdp_011_back_f.ncg	\
	pmdp_011_back_m.ncg	\
	pmdp_011_frnt_f.ncg	\
	pmdp_011_frnt_m.ncg	\
	pmdp_012_back_f.ncg	\
	pmdp_012_back_m.ncg	\
	pmdp_012_frnt_f.ncg	\
	pmdp_012_frnt_m.ncg	\
	pmdp_013_back_f.ncg	\
	pmdp_013_back_m.ncg	\
	pmdp_013_frnt_f.ncg	\
	pmdp_013_frnt_m.ncg	\
	pmdp_014_back_f.ncg	\
	pmdp_014_back_m.ncg	\
	pmdp_014_frnt_f.ncg	\
	pmdp_014_frnt_m.ncg	\
	pmdp_015_back_f.ncg	\
	pmdp_015_back_m.ncg	\
	pmdp_015_frnt_f.ncg	\
	pmdp_015_frnt_m.ncg	\
	pmdp_016_back_f.ncg	\
	pmdp_016_back_m.ncg	\
	pmdp_016_frnt_f.ncg	\
	pmdp_016_frnt_m.ncg	\
	pmdp_017_back_f.ncg	\
	pmdp_017_back_m.ncg	\
	pmdp_017_frnt_f.ncg	\
	pmdp_017_frnt_m.ncg	\
	pmdp_018_back_f.ncg	\
	pmdp_018_back_m.ncg	\
	pmdp_018_frnt_f.ncg	\
	pmdp_018_frnt_m.ncg	\
	pmdp_019_back_f.ncg	\
	pmdp_019_back_m.ncg	\
	pmdp_019_frnt_f.ncg	\
	pmdp_019_frnt_m.ncg	\
	pmdp_020_back_f.ncg	\
	pmdp_020_back_m.ncg	\
	pmdp_020_frnt_f.ncg	\
	pmdp_020_frnt_m.ncg	\
	pmdp_021_back_f.ncg	\
	pmdp_021_back_m.ncg	\
	pmdp_021_frnt_f.ncg	\
	pmdp_021_frnt_m.ncg	\
	pmdp_022_back_f.ncg	\
	pmdp_022_back_m.ncg	\
	pmdp_022_frnt_f.ncg	\
	pmdp_022_frnt_m.ncg	\
	pmdp_023_back_f.ncg	\
	pmdp_023_back_m.ncg	\
	pmdp_023_frnt_f.ncg	\
	pmdp_023_frnt_m.ncg	\
	pmdp_024_back_f.ncg	\
	pmdp_024_back_m.ncg	\
	pmdp_024_frnt_f.ncg	\
	pmdp_024_frnt_m.ncg	\
	pmdp_025_back_f.ncg	\
	pmdp_025_back_m.ncg	\
	pmdp_025_frnt_f.ncg	\
	pmdp_025_frnt_m.ncg	\
	pmdp_026_back_f.ncg	\
	pmdp_026_back_m.ncg	\
	pmdp_026_frnt_f.ncg	\
	pmdp_026_frnt_m.ncg	\
	pmdp_027_back_f.ncg	\
	pmdp_027_back_m.ncg	\
	pmdp_027_frnt_f.ncg	\
	pmdp_027_frnt_m.ncg	\
	pmdp_028_back_f.ncg	\
	pmdp_028_back_m.ncg	\
	pmdp_028_frnt_f.ncg	\
	pmdp_028_frnt_m.ncg	\
	pmdp_029_back_f.ncg	\
	pmdp_029_back_m.ncg	\
	pmdp_029_frnt_f.ncg	\
	pmdp_029_frnt_m.ncg	\
	pmdp_030_back_f.ncg	\
	pmdp_030_back_m.ncg	\
	pmdp_030_frnt_f.ncg	\
	pmdp_030_frnt_m.ncg	\
	pmdp_031_back_f.ncg	\
	pmdp_031_back_m.ncg	\
	pmdp_031_frnt_f.ncg	\
	pmdp_031_frnt_m.ncg	\
	pmdp_032_back_f.ncg	\
	pmdp_032_back_m.ncg	\
	pmdp_032_frnt_f.ncg	\
	pmdp_032_frnt_m.ncg	\
	pmdp_033_back_f.ncg	\
	pmdp_033_back_m.ncg	\
	pmdp_033_frnt_f.ncg	\
	pmdp_033_frnt_m.ncg	\
	pmdp_034_back_f.ncg	\
	pmdp_034_back_m.ncg	\
	pmdp_034_frnt_f.ncg	\
	pmdp_034_frnt_m.ncg	\
	pmdp_035_back_f.ncg	\
	pmdp_035_back_m.ncg	\
	pmdp_035_frnt_f.ncg	\
	pmdp_035_frnt_m.ncg	\
	pmdp_036_back_f.ncg	\
	pmdp_036_back_m.ncg	\
	pmdp_036_frnt_f.ncg	\
	pmdp_036_frnt_m.ncg	\
	pmdp_037_back_f.ncg	\
	pmdp_037_back_m.ncg	\
	pmdp_037_frnt_f.ncg	\
	pmdp_037_frnt_m.ncg	\
	pmdp_038_back_f.ncg	\
	pmdp_038_back_m.ncg	\
	pmdp_038_frnt_f.ncg	\
	pmdp_038_frnt_m.ncg	\
	pmdp_039_back_f.ncg	\
	pmdp_039_back_m.ncg	\
	pmdp_039_frnt_f.ncg	\
	pmdp_039_frnt_m.ncg	\
	pmdp_040_back_f.ncg	\
	pmdp_040_back_m.ncg	\
	pmdp_040_frnt_f.ncg	\
	pmdp_040_frnt_m.ncg	\
	pmdp_041_back_f.ncg	\
	pmdp_041_back_m.ncg	\
	pmdp_041_frnt_f.ncg	\
	pmdp_041_frnt_m.ncg	\
	pmdp_042_back_f.ncg	\
	pmdp_042_back_m.ncg	\
	pmdp_042_frnt_f.ncg	\
	pmdp_042_frnt_m.ncg	\
	pmdp_043_back_f.ncg	\
	pmdp_043_back_m.ncg	\
	pmdp_043_frnt_f.ncg	\
	pmdp_043_frnt_m.ncg	\
	pmdp_044_back_f.ncg	\
	pmdp_044_back_m.ncg	\
	pmdp_044_frnt_f.ncg	\
	pmdp_044_frnt_m.ncg	\
	pmdp_045_back_f.ncg	\
	pmdp_045_back_m.ncg	\
	pmdp_045_frnt_f.ncg	\
	pmdp_045_frnt_m.ncg	\
	pmdp_046_back_f.ncg	\
	pmdp_046_back_m.ncg	\
	pmdp_046_frnt_f.ncg	\
	pmdp_046_frnt_m.ncg	\
	pmdp_047_back_f.ncg	\
	pmdp_047_back_m.ncg	\
	pmdp_047_frnt_f.ncg	\
	pmdp_047_frnt_m.ncg	\
	pmdp_048_back_f.ncg	\
	pmdp_048_back_m.ncg	\
	pmdp_048_frnt_f.ncg	\
	pmdp_048_frnt_m.ncg	\
	pmdp_049_back_f.ncg	\
	pmdp_049_back_m.ncg	\
	pmdp_049_frnt_f.ncg	\
	pmdp_049_frnt_m.ncg	\
	pmdp_050_back_f.ncg	\
	pmdp_050_back_m.ncg	\
	pmdp_050_frnt_f.ncg	\
	pmdp_050_frnt_m.ncg	\
	pmdp_051_back_f.ncg	\
	pmdp_051_back_m.ncg	\
	pmdp_051_frnt_f.ncg	\
	pmdp_051_frnt_m.ncg	\
	pmdp_052_back_f.ncg	\
	pmdp_052_back_m.ncg	\
	pmdp_052_frnt_f.ncg	\
	pmdp_052_frnt_m.ncg	\
	pmdp_053_back_f.ncg	\
	pmdp_053_back_m.ncg	\
	pmdp_053_frnt_f.ncg	\
	pmdp_053_frnt_m.ncg	\
	pmdp_054_back_f.ncg	\
	pmdp_054_back_m.ncg	\
	pmdp_054_frnt_f.ncg	\
	pmdp_054_frnt_m.ncg	\
	pmdp_055_back_f.ncg	\
	pmdp_055_back_m.ncg	\
	pmdp_055_frnt_f.ncg	\
	pmdp_055_frnt_m.ncg	\
	pmdp_056_back_f.ncg	\
	pmdp_056_back_m.ncg	\
	pmdp_056_frnt_f.ncg	\
	pmdp_056_frnt_m.ncg	\
	pmdp_057_back_f.ncg	\
	pmdp_057_back_m.ncg	\
	pmdp_057_frnt_f.ncg	\
	pmdp_057_frnt_m.ncg	\
	pmdp_058_back_f.ncg	\
	pmdp_058_back_m.ncg	\
	pmdp_058_frnt_f.ncg	\
	pmdp_058_frnt_m.ncg	\
	pmdp_059_back_f.ncg	\
	pmdp_059_back_m.ncg	\
	pmdp_059_frnt_f.ncg	\
	pmdp_059_frnt_m.ncg	\
	pmdp_060_back_f.ncg	\
	pmdp_060_back_m.ncg	\
	pmdp_060_frnt_f.ncg	\
	pmdp_060_frnt_m.ncg	\
	pmdp_061_back_f.ncg	\
	pmdp_061_back_m.ncg	\
	pmdp_061_frnt_f.ncg	\
	pmdp_061_frnt_m.ncg	\
	pmdp_062_back_f.ncg	\
	pmdp_062_back_m.ncg	\
	pmdp_062_frnt_f.ncg	\
	pmdp_062_frnt_m.ncg	\
	pmdp_063_back_f.ncg	\
	pmdp_063_back_m.ncg	\
	pmdp_063_frnt_f.ncg	\
	pmdp_063_frnt_m.ncg	\
	pmdp_064_back_f.ncg	\
	pmdp_064_back_m.ncg	\
	pmdp_064_frnt_f.ncg	\
	pmdp_064_frnt_m.ncg	\
	pmdp_065_back_f.ncg	\
	pmdp_065_back_m.ncg	\
	pmdp_065_frnt_f.ncg	\
	pmdp_065_frnt_m.ncg	\
	pmdp_066_back_f.ncg	\
	pmdp_066_back_m.ncg	\
	pmdp_066_frnt_f.ncg	\
	pmdp_066_frnt_m.ncg	\
	pmdp_067_back_f.ncg	\
	pmdp_067_back_m.ncg	\
	pmdp_067_frnt_f.ncg	\
	pmdp_067_frnt_m.ncg	\
	pmdp_068_back_f.ncg	\
	pmdp_068_back_m.ncg	\
	pmdp_068_frnt_f.ncg	\
	pmdp_068_frnt_m.ncg	\
	pmdp_069_back_f.ncg	\
	pmdp_069_back_m.ncg	\
	pmdp_069_frnt_f.ncg	\
	pmdp_069_frnt_m.ncg	\
	pmdp_070_back_f.ncg	\
	pmdp_070_back_m.ncg	\
	pmdp_070_frnt_f.ncg	\
	pmdp_070_frnt_m.ncg	\
	pmdp_071_back_f.ncg	\
	pmdp_071_back_m.ncg	\
	pmdp_071_frnt_f.ncg	\
	pmdp_071_frnt_m.ncg	\
	pmdp_072_back_f.ncg	\
	pmdp_072_back_m.ncg	\
	pmdp_072_frnt_f.ncg	\
	pmdp_072_frnt_m.ncg	\
	pmdp_073_back_f.ncg	\
	pmdp_073_back_m.ncg	\
	pmdp_073_frnt_f.ncg	\
	pmdp_073_frnt_m.ncg	\
	pmdp_074_back_f.ncg	\
	pmdp_074_back_m.ncg	\
	pmdp_074_frnt_f.ncg	\
	pmdp_074_frnt_m.ncg	\
	pmdp_075_back_f.ncg	\
	pmdp_075_back_m.ncg	\
	pmdp_075_frnt_f.ncg	\
	pmdp_075_frnt_m.ncg	\
	pmdp_076_back_f.ncg	\
	pmdp_076_back_m.ncg	\
	pmdp_076_frnt_f.ncg	\
	pmdp_076_frnt_m.ncg	\
	pmdp_077_back_f.ncg	\
	pmdp_077_back_m.ncg	\
	pmdp_077_frnt_f.ncg	\
	pmdp_077_frnt_m.ncg	\
	pmdp_078_back_f.ncg	\
	pmdp_078_back_m.ncg	\
	pmdp_078_frnt_f.ncg	\
	pmdp_078_frnt_m.ncg	\
	pmdp_079_back_f.ncg	\
	pmdp_079_back_m.ncg	\
	pmdp_079_frnt_f.ncg	\
	pmdp_079_frnt_m.ncg	\
	pmdp_080_back_f.ncg	\
	pmdp_080_back_m.ncg	\
	pmdp_080_frnt_f.ncg	\
	pmdp_080_frnt_m.ncg	\
	pmdp_081_back_f.ncg	\
	pmdp_081_back_m.ncg	\
	pmdp_081_back_o.ncg	\
	pmdp_081_frnt_f.ncg	\
	pmdp_081_frnt_m.ncg	\
	pmdp_081_frnt_o.ncg	\
	pmdp_082_back_f.ncg	\
	pmdp_082_back_m.ncg	\
	pmdp_082_back_o.ncg	\
	pmdp_082_frnt_f.ncg	\
	pmdp_082_frnt_m.ncg	\
	pmdp_082_frnt_o.ncg	\
	pmdp_083_back_f.ncg	\
	pmdp_083_back_m.ncg	\
	pmdp_083_frnt_f.ncg	\
	pmdp_083_frnt_m.ncg	\
	pmdp_084_back_f.ncg	\
	pmdp_084_back_m.ncg	\
	pmdp_084_frnt_f.ncg	\
	pmdp_084_frnt_m.ncg	\
	pmdp_085_back_f.ncg	\
	pmdp_085_back_m.ncg	\
	pmdp_085_frnt_f.ncg	\
	pmdp_085_frnt_m.ncg	\
	pmdp_086_back_f.ncg	\
	pmdp_086_back_m.ncg	\
	pmdp_086_frnt_f.ncg	\
	pmdp_086_frnt_m.ncg	\
	pmdp_087_back_f.ncg	\
	pmdp_087_back_m.ncg	\
	pmdp_087_frnt_f.ncg	\
	pmdp_087_frnt_m.ncg	\
	pmdp_088_back_f.ncg	\
	pmdp_088_back_m.ncg	\
	pmdp_088_frnt_f.ncg	\
	pmdp_088_frnt_m.ncg	\
	pmdp_089_back_f.ncg	\
	pmdp_089_back_m.ncg	\
	pmdp_089_frnt_f.ncg	\
	pmdp_089_frnt_m.ncg	\
	pmdp_090_back_f.ncg	\
	pmdp_090_back_m.ncg	\
	pmdp_090_frnt_f.ncg	\
	pmdp_090_frnt_m.ncg	\
	pmdp_091_back_f.ncg	\
	pmdp_091_back_m.ncg	\
	pmdp_091_frnt_f.ncg	\
	pmdp_091_frnt_m.ncg	\
	pmdp_092_back_f.ncg	\
	pmdp_092_back_m.ncg	\
	pmdp_092_frnt_f.ncg	\
	pmdp_092_frnt_m.ncg	\
	pmdp_093_back_f.ncg	\
	pmdp_093_back_m.ncg	\
	pmdp_093_frnt_f.ncg	\
	pmdp_093_frnt_m.ncg	\
	pmdp_094_back_f.ncg	\
	pmdp_094_back_m.ncg	\
	pmdp_094_frnt_f.ncg	\
	pmdp_094_frnt_m.ncg	\
	pmdp_095_back_f.ncg	\
	pmdp_095_back_m.ncg	\
	pmdp_095_frnt_f.ncg	\
	pmdp_095_frnt_m.ncg	\
	pmdp_096_back_f.ncg	\
	pmdp_096_back_m.ncg	\
	pmdp_096_frnt_f.ncg	\
	pmdp_096_frnt_m.ncg	\
	pmdp_097_back_f.ncg	\
	pmdp_097_back_m.ncg	\
	pmdp_097_frnt_f.ncg	\
	pmdp_097_frnt_m.ncg	\
	pmdp_098_back_f.ncg	\
	pmdp_098_back_m.ncg	\
	pmdp_098_frnt_f.ncg	\
	pmdp_098_frnt_m.ncg	\
	pmdp_099_back_f.ncg	\
	pmdp_099_back_m.ncg	\
	pmdp_099_frnt_f.ncg	\
	pmdp_099_frnt_m.ncg	\
	pmdp_100_back_f.ncg	\
	pmdp_100_back_m.ncg	\
	pmdp_100_back_o.ncg	\
	pmdp_100_frnt_f.ncg	\
	pmdp_100_frnt_m.ncg	\
	pmdp_100_frnt_o.ncg	\
	pmdp_101_back_f.ncg	\
	pmdp_101_back_m.ncg	\
	pmdp_101_back_o.ncg	\
	pmdp_101_frnt_f.ncg	\
	pmdp_101_frnt_m.ncg	\
	pmdp_101_frnt_o.ncg	\
	pmdp_102_back_f.ncg	\
	pmdp_102_back_m.ncg	\
	pmdp_102_frnt_f.ncg	\
	pmdp_102_frnt_m.ncg	\
	pmdp_103_back_f.ncg	\
	pmdp_103_back_m.ncg	\
	pmdp_103_frnt_f.ncg	\
	pmdp_103_frnt_m.ncg	\
	pmdp_104_back_f.ncg	\
	pmdp_104_back_m.ncg	\
	pmdp_104_frnt_f.ncg	\
	pmdp_104_frnt_m.ncg	\
	pmdp_105_back_f.ncg	\
	pmdp_105_back_m.ncg	\
	pmdp_105_frnt_f.ncg	\
	pmdp_105_frnt_m.ncg	\
	pmdp_106_back_f.ncg	\
	pmdp_106_back_m.ncg	\
	pmdp_106_frnt_f.ncg	\
	pmdp_106_frnt_m.ncg	\
	pmdp_107_back_f.ncg	\
	pmdp_107_back_m.ncg	\
	pmdp_107_frnt_f.ncg	\
	pmdp_107_frnt_m.ncg	\
	pmdp_108_back_f.ncg	\
	pmdp_108_back_m.ncg	\
	pmdp_108_frnt_f.ncg	\
	pmdp_108_frnt_m.ncg	\
	pmdp_109_back_f.ncg	\
	pmdp_109_back_m.ncg	\
	pmdp_109_frnt_f.ncg	\
	pmdp_109_frnt_m.ncg	\
	pmdp_110_back_f.ncg	\
	pmdp_110_back_m.ncg	\
	pmdp_110_frnt_f.ncg	\
	pmdp_110_frnt_m.ncg	\
	pmdp_111_back_f.ncg	\
	pmdp_111_back_m.ncg	\
	pmdp_111_frnt_f.ncg	\
	pmdp_111_frnt_m.ncg	\
	pmdp_112_back_f.ncg	\
	pmdp_112_back_m.ncg	\
	pmdp_112_frnt_f.ncg	\
	pmdp_112_frnt_m.ncg	\
	pmdp_113_back_f.ncg	\
	pmdp_113_back_m.ncg	\
	pmdp_113_frnt_f.ncg	\
	pmdp_113_frnt_m.ncg	\
	pmdp_114_back_f.ncg	\
	pmdp_114_back_m.ncg	\
	pmdp_114_frnt_f.ncg	\
	pmdp_114_frnt_m.ncg	\
	pmdp_115_back_f.ncg	\
	pmdp_115_back_m.ncg	\
	pmdp_115_frnt_f.ncg	\
	pmdp_115_frnt_m.ncg	\
	pmdp_116_back_f.ncg	\
	pmdp_116_back_m.ncg	\
	pmdp_116_frnt_f.ncg	\
	pmdp_116_frnt_m.ncg	\
	pmdp_117_back_f.ncg	\
	pmdp_117_back_m.ncg	\
	pmdp_117_frnt_f.ncg	\
	pmdp_117_frnt_m.ncg	\
	pmdp_118_back_f.ncg	\
	pmdp_118_back_m.ncg	\
	pmdp_118_frnt_f.ncg	\
	pmdp_118_frnt_m.ncg	\
	pmdp_119_back_f.ncg	\
	pmdp_119_back_m.ncg	\
	pmdp_119_frnt_f.ncg	\
	pmdp_119_frnt_m.ncg	\
	pmdp_120_back_f.ncg	\
	pmdp_120_back_m.ncg	\
	pmdp_120_back_o.ncg	\
	pmdp_120_frnt_f.ncg	\
	pmdp_120_frnt_m.ncg	\
	pmdp_120_frnt_o.ncg	\
	pmdp_121_back_f.ncg	\
	pmdp_121_back_m.ncg	\
	pmdp_121_back_o.ncg	\
	pmdp_121_frnt_f.ncg	\
	pmdp_121_frnt_m.ncg	\
	pmdp_121_frnt_o.ncg	\
	pmdp_122_back_f.ncg	\
	pmdp_122_back_m.ncg	\
	pmdp_122_frnt_f.ncg	\
	pmdp_122_frnt_m.ncg	\
	pmdp_123_back_f.ncg	\
	pmdp_123_back_m.ncg	\
	pmdp_123_frnt_f.ncg	\
	pmdp_123_frnt_m.ncg	\
	pmdp_124_back_f.ncg	\
	pmdp_124_back_m.ncg	\
	pmdp_124_frnt_f.ncg	\
	pmdp_124_frnt_m.ncg	\
	pmdp_125_back_f.ncg	\
	pmdp_125_back_m.ncg	\
	pmdp_125_frnt_f.ncg	\
	pmdp_125_frnt_m.ncg	\
	pmdp_126_back_f.ncg	\
	pmdp_126_back_m.ncg	\
	pmdp_126_frnt_f.ncg	\
	pmdp_126_frnt_m.ncg	\
	pmdp_127_back_f.ncg	\
	pmdp_127_back_m.ncg	\
	pmdp_127_frnt_f.ncg	\
	pmdp_127_frnt_m.ncg	\
	pmdp_128_back_f.ncg	\
	pmdp_128_back_m.ncg	\
	pmdp_128_frnt_f.ncg	\
	pmdp_128_frnt_m.ncg	\
	pmdp_129_back_f.ncg	\
	pmdp_129_back_m.ncg	\
	pmdp_129_frnt_f.ncg	\
	pmdp_129_frnt_m.ncg	\
	pmdp_130_back_f.ncg	\
	pmdp_130_back_m.ncg	\
	pmdp_130_frnt_f.ncg	\
	pmdp_130_frnt_m.ncg	\
	pmdp_131_back_f.ncg	\
	pmdp_131_back_m.ncg	\
	pmdp_131_frnt_f.ncg	\
	pmdp_131_frnt_m.ncg	\
	pmdp_132_back_f.ncg	\
	pmdp_132_back_m.ncg	\
	pmdp_132_back_o.ncg	\
	pmdp_132_frnt_f.ncg	\
	pmdp_132_frnt_m.ncg	\
	pmdp_132_frnt_o.ncg	\
	pmdp_133_back_f.ncg	\
	pmdp_133_back_m.ncg	\
	pmdp_133_frnt_f.ncg	\
	pmdp_133_frnt_m.ncg	\
	pmdp_134_back_f.ncg	\
	pmdp_134_back_m.ncg	\
	pmdp_134_frnt_f.ncg	\
	pmdp_134_frnt_m.ncg	\
	pmdp_135_back_f.ncg	\
	pmdp_135_back_m.ncg	\
	pmdp_135_frnt_f.ncg	\
	pmdp_135_frnt_m.ncg	\
	pmdp_136_back_f.ncg	\
	pmdp_136_back_m.ncg	\
	pmdp_136_frnt_f.ncg	\
	pmdp_136_frnt_m.ncg	\
	pmdp_137_back_f.ncg	\
	pmdp_137_back_m.ncg	\
	pmdp_137_back_o.ncg	\
	pmdp_137_frnt_f.ncg	\
	pmdp_137_frnt_m.ncg	\
	pmdp_137_frnt_o.ncg	\
	pmdp_138_back_f.ncg	\
	pmdp_138_back_m.ncg	\
	pmdp_138_frnt_f.ncg	\
	pmdp_138_frnt_m.ncg	\
	pmdp_139_back_f.ncg	\
	pmdp_139_back_m.ncg	\
	pmdp_139_frnt_f.ncg	\
	pmdp_139_frnt_m.ncg	\
	pmdp_140_back_f.ncg	\
	pmdp_140_back_m.ncg	\
	pmdp_140_frnt_f.ncg	\
	pmdp_140_frnt_m.ncg	\
	pmdp_141_back_f.ncg	\
	pmdp_141_back_m.ncg	\
	pmdp_141_frnt_f.ncg	\
	pmdp_141_frnt_m.ncg	\
	pmdp_142_back_f.ncg	\
	pmdp_142_back_m.ncg	\
	pmdp_142_frnt_f.ncg	\
	pmdp_142_frnt_m.ncg	\
	pmdp_143_back_f.ncg	\
	pmdp_143_back_m.ncg	\
	pmdp_143_frnt_f.ncg	\
	pmdp_143_frnt_m.ncg	\
	pmdp_144_back_f.ncg	\
	pmdp_144_back_m.ncg	\
	pmdp_144_back_o.ncg	\
	pmdp_144_frnt_f.ncg	\
	pmdp_144_frnt_m.ncg	\
	pmdp_144_frnt_o.ncg	\
	pmdp_145_back_f.ncg	\
	pmdp_145_back_m.ncg	\
	pmdp_145_back_o.ncg	\
	pmdp_145_frnt_f.ncg	\
	pmdp_145_frnt_m.ncg	\
	pmdp_145_frnt_o.ncg	\
	pmdp_146_back_f.ncg	\
	pmdp_146_back_m.ncg	\
	pmdp_146_back_o.ncg	\
	pmdp_146_frnt_f.ncg	\
	pmdp_146_frnt_m.ncg	\
	pmdp_146_frnt_o.ncg	\
	pmdp_147_back_f.ncg	\
	pmdp_147_back_m.ncg	\
	pmdp_147_frnt_f.ncg	\
	pmdp_147_frnt_m.ncg	\
	pmdp_148_back_f.ncg	\
	pmdp_148_back_m.ncg	\
	pmdp_148_frnt_f.ncg	\
	pmdp_148_frnt_m.ncg	\
	pmdp_149_back_f.ncg	\
	pmdp_149_back_m.ncg	\
	pmdp_149_frnt_f.ncg	\
	pmdp_149_frnt_m.ncg	\
	pmdp_150_back_f.ncg	\
	pmdp_150_back_m.ncg	\
	pmdp_150_back_o.ncg	\
	pmdp_150_frnt_f.ncg	\
	pmdp_150_frnt_m.ncg	\
	pmdp_150_frnt_o.ncg	\
	pmdp_151_back_f.ncg	\
	pmdp_151_back_m.ncg	\
	pmdp_151_back_o.ncg	\
	pmdp_151_frnt_f.ncg	\
	pmdp_151_frnt_m.ncg	\
	pmdp_151_frnt_o.ncg	\
	pmdp_152_back_f.ncg	\
	pmdp_152_back_m.ncg	\
	pmdp_152_frnt_f.ncg	\
	pmdp_152_frnt_m.ncg	\
	pmdp_153_back_f.ncg	\
	pmdp_153_back_m.ncg	\
	pmdp_153_frnt_f.ncg	\
	pmdp_153_frnt_m.ncg	\
	pmdp_154_back_f.ncg	\
	pmdp_154_back_m.ncg	\
	pmdp_154_frnt_f.ncg	\
	pmdp_154_frnt_m.ncg	\
	pmdp_155_back_f.ncg	\
	pmdp_155_back_m.ncg	\
	pmdp_155_frnt_f.ncg	\
	pmdp_155_frnt_m.ncg	\
	pmdp_156_back_f.ncg	\
	pmdp_156_back_m.ncg	\
	pmdp_156_frnt_f.ncg	\
	pmdp_156_frnt_m.ncg	\
	pmdp_157_back_f.ncg	\
	pmdp_157_back_m.ncg	\
	pmdp_157_frnt_f.ncg	\
	pmdp_157_frnt_m.ncg	\
	pmdp_158_back_f.ncg	\
	pmdp_158_back_m.ncg	\
	pmdp_158_frnt_f.ncg	\
	pmdp_158_frnt_m.ncg	\
	pmdp_159_back_f.ncg	\
	pmdp_159_back_m.ncg	\
	pmdp_159_frnt_f.ncg	\
	pmdp_159_frnt_m.ncg	\
	pmdp_160_back_f.ncg	\
	pmdp_160_back_m.ncg	\
	pmdp_160_frnt_f.ncg	\
	pmdp_160_frnt_m.ncg	\
	pmdp_161_back_f.ncg	\
	pmdp_161_back_m.ncg	\
	pmdp_161_frnt_f.ncg	\
	pmdp_161_frnt_m.ncg	\
	pmdp_162_back_f.ncg	\
	pmdp_162_back_m.ncg	\
	pmdp_162_frnt_f.ncg	\
	pmdp_162_frnt_m.ncg	\
	pmdp_163_back_f.ncg	\
	pmdp_163_back_m.ncg	\
	pmdp_163_frnt_f.ncg	\
	pmdp_163_frnt_m.ncg	\
	pmdp_164_back_f.ncg	\
	pmdp_164_back_m.ncg	\
	pmdp_164_frnt_f.ncg	\
	pmdp_164_frnt_m.ncg	\
	pmdp_165_back_f.ncg	\
	pmdp_165_back_m.ncg	\
	pmdp_165_frnt_f.ncg	\
	pmdp_165_frnt_m.ncg	\
	pmdp_166_back_f.ncg	\
	pmdp_166_back_m.ncg	\
	pmdp_166_frnt_f.ncg	\
	pmdp_166_frnt_m.ncg	\
	pmdp_167_back_f.ncg	\
	pmdp_167_back_m.ncg	\
	pmdp_167_frnt_f.ncg	\
	pmdp_167_frnt_m.ncg	\
	pmdp_168_back_f.ncg	\
	pmdp_168_back_m.ncg	\
	pmdp_168_frnt_f.ncg	\
	pmdp_168_frnt_m.ncg	\
	pmdp_169_back_f.ncg	\
	pmdp_169_back_m.ncg	\
	pmdp_169_frnt_f.ncg	\
	pmdp_169_frnt_m.ncg	\
	pmdp_170_back_f.ncg	\
	pmdp_170_back_m.ncg	\
	pmdp_170_frnt_f.ncg	\
	pmdp_170_frnt_m.ncg	\
	pmdp_171_back_f.ncg	\
	pmdp_171_back_m.ncg	\
	pmdp_171_frnt_f.ncg	\
	pmdp_171_frnt_m.ncg	\
	pmdp_172_back_f.ncg	\
	pmdp_172_back_m.ncg	\
	pmdp_172_frnt_f.ncg	\
	pmdp_172_frnt_m.ncg	\
	pmdp_173_back_f.ncg	\
	pmdp_173_back_m.ncg	\
	pmdp_173_frnt_f.ncg	\
	pmdp_173_frnt_m.ncg	\
	pmdp_174_back_f.ncg	\
	pmdp_174_back_m.ncg	\
	pmdp_174_frnt_f.ncg	\
	pmdp_174_frnt_m.ncg	\
	pmdp_175_back_f.ncg	\
	pmdp_175_back_m.ncg	\
	pmdp_175_frnt_f.ncg	\
	pmdp_175_frnt_m.ncg	\
	pmdp_176_back_f.ncg	\
	pmdp_176_back_m.ncg	\
	pmdp_176_frnt_f.ncg	\
	pmdp_176_frnt_m.ncg	\
	pmdp_177_back_f.ncg	\
	pmdp_177_back_m.ncg	\
	pmdp_177_frnt_f.ncg	\
	pmdp_177_frnt_m.ncg	\
	pmdp_178_back_f.ncg	\
	pmdp_178_back_m.ncg	\
	pmdp_178_frnt_f.ncg	\
	pmdp_178_frnt_m.ncg	\
	pmdp_179_back_f.ncg	\
	pmdp_179_back_m.ncg	\
	pmdp_179_frnt_f.ncg	\
	pmdp_179_frnt_m.ncg	\
	pmdp_180_back_f.ncg	\
	pmdp_180_back_m.ncg	\
	pmdp_180_frnt_f.ncg	\
	pmdp_180_frnt_m.ncg	\
	pmdp_181_back_f.ncg	\
	pmdp_181_back_m.ncg	\
	pmdp_181_frnt_f.ncg	\
	pmdp_181_frnt_m.ncg	\
	pmdp_182_back_f.ncg	\
	pmdp_182_back_m.ncg	\
	pmdp_182_frnt_f.ncg	\
	pmdp_182_frnt_m.ncg	\
	pmdp_183_back_f.ncg	\
	pmdp_183_back_m.ncg	\
	pmdp_183_frnt_f.ncg	\
	pmdp_183_frnt_m.ncg	\
	pmdp_184_back_f.ncg	\
	pmdp_184_back_m.ncg	\
	pmdp_184_frnt_f.ncg	\
	pmdp_184_frnt_m.ncg	\
	pmdp_185_back_f.ncg	\
	pmdp_185_back_m.ncg	\
	pmdp_185_frnt_f.ncg	\
	pmdp_185_frnt_m.ncg	\
	pmdp_186_back_f.ncg	\
	pmdp_186_back_m.ncg	\
	pmdp_186_frnt_f.ncg	\
	pmdp_186_frnt_m.ncg	\
	pmdp_187_back_f.ncg	\
	pmdp_187_back_m.ncg	\
	pmdp_187_frnt_f.ncg	\
	pmdp_187_frnt_m.ncg	\
	pmdp_188_back_f.ncg	\
	pmdp_188_back_m.ncg	\
	pmdp_188_frnt_f.ncg	\
	pmdp_188_frnt_m.ncg	\
	pmdp_189_back_f.ncg	\
	pmdp_189_back_m.ncg	\
	pmdp_189_frnt_f.ncg	\
	pmdp_189_frnt_m.ncg	\
	pmdp_190_back_f.ncg	\
	pmdp_190_back_m.ncg	\
	pmdp_190_frnt_f.ncg	\
	pmdp_190_frnt_m.ncg	\
	pmdp_191_back_f.ncg	\
	pmdp_191_back_m.ncg	\
	pmdp_191_frnt_f.ncg	\
	pmdp_191_frnt_m.ncg	\
	pmdp_192_back_f.ncg	\
	pmdp_192_back_m.ncg	\
	pmdp_192_frnt_f.ncg	\
	pmdp_192_frnt_m.ncg	\
	pmdp_193_back_f.ncg	\
	pmdp_193_back_m.ncg	\
	pmdp_193_frnt_f.ncg	\
	pmdp_193_frnt_m.ncg	\
	pmdp_194_back_f.ncg	\
	pmdp_194_back_m.ncg	\
	pmdp_194_frnt_f.ncg	\
	pmdp_194_frnt_m.ncg	\
	pmdp_195_back_f.ncg	\
	pmdp_195_back_m.ncg	\
	pmdp_195_frnt_f.ncg	\
	pmdp_195_frnt_m.ncg	\
	pmdp_196_back_f.ncg	\
	pmdp_196_back_m.ncg	\
	pmdp_196_frnt_f.ncg	\
	pmdp_196_frnt_m.ncg	\
	pmdp_197_back_f.ncg	\
	pmdp_197_back_m.ncg	\
	pmdp_197_frnt_f.ncg	\
	pmdp_197_frnt_m.ncg	\
	pmdp_198_back_f.ncg	\
	pmdp_198_back_m.ncg	\
	pmdp_198_frnt_f.ncg	\
	pmdp_198_frnt_m.ncg	\
	pmdp_199_back_f.ncg	\
	pmdp_199_back_m.ncg	\
	pmdp_199_frnt_f.ncg	\
	pmdp_199_frnt_m.ncg	\
	pmdp_200_back_f.ncg	\
	pmdp_200_back_m.ncg	\
	pmdp_200_frnt_f.ncg	\
	pmdp_200_frnt_m.ncg	\
	pmdp_201_back_f.ncg	\
	pmdp_201_back_m.ncg	\
	pmdp_201_back_o.ncg	\
	pmdp_201_frnt_f.ncg	\
	pmdp_201_frnt_m.ncg	\
	pmdp_201_frnt_o.ncg	\
	pmdp_202_back_f.ncg	\
	pmdp_202_back_m.ncg	\
	pmdp_202_frnt_f.ncg	\
	pmdp_202_frnt_m.ncg	\
	pmdp_203_back_f.ncg	\
	pmdp_203_back_m.ncg	\
	pmdp_203_frnt_f.ncg	\
	pmdp_203_frnt_m.ncg	\
	pmdp_204_back_f.ncg	\
	pmdp_204_back_m.ncg	\
	pmdp_204_frnt_f.ncg	\
	pmdp_204_frnt_m.ncg	\
	pmdp_205_back_f.ncg	\
	pmdp_205_back_m.ncg	\
	pmdp_205_frnt_f.ncg	\
	pmdp_205_frnt_m.ncg	\
	pmdp_206_back_f.ncg	\
	pmdp_206_back_m.ncg	\
	pmdp_206_frnt_f.ncg	\
	pmdp_206_frnt_m.ncg	\
	pmdp_207_back_f.ncg	\
	pmdp_207_back_m.ncg	\
	pmdp_207_frnt_f.ncg	\
	pmdp_207_frnt_m.ncg	\
	pmdp_208_back_f.ncg	\
	pmdp_208_back_m.ncg	\
	pmdp_208_frnt_f.ncg	\
	pmdp_208_frnt_m.ncg	\
	pmdp_209_back_f.ncg	\
	pmdp_209_back_m.ncg	\
	pmdp_209_frnt_f.ncg	\
	pmdp_209_frnt_m.ncg	\
	pmdp_210_back_f.ncg	\
	pmdp_210_back_m.ncg	\
	pmdp_210_frnt_f.ncg	\
	pmdp_210_frnt_m.ncg	\
	pmdp_211_back_f.ncg	\
	pmdp_211_back_m.ncg	\
	pmdp_211_frnt_f.ncg	\
	pmdp_211_frnt_m.ncg	\
	pmdp_212_back_f.ncg	\
	pmdp_212_back_m.ncg	\
	pmdp_212_frnt_f.ncg	\
	pmdp_212_frnt_m.ncg	\
	pmdp_213_back_f.ncg	\
	pmdp_213_back_m.ncg	\
	pmdp_213_frnt_f.ncg	\
	pmdp_213_frnt_m.ncg	\
	pmdp_214_back_f.ncg	\
	pmdp_214_back_m.ncg	\
	pmdp_214_frnt_f.ncg	\
	pmdp_214_frnt_m.ncg	\
	pmdp_215_back_f.ncg	\
	pmdp_215_back_m.ncg	\
	pmdp_215_frnt_f.ncg	\
	pmdp_215_frnt_m.ncg	\
	pmdp_216_back_f.ncg	\
	pmdp_216_back_m.ncg	\
	pmdp_216_frnt_f.ncg	\
	pmdp_216_frnt_m.ncg	\
	pmdp_217_back_f.ncg	\
	pmdp_217_back_m.ncg	\
	pmdp_217_frnt_f.ncg	\
	pmdp_217_frnt_m.ncg	\
	pmdp_218_back_f.ncg	\
	pmdp_218_back_m.ncg	\
	pmdp_218_frnt_f.ncg	\
	pmdp_218_frnt_m.ncg	\
	pmdp_219_back_f.ncg	\
	pmdp_219_back_m.ncg	\
	pmdp_219_frnt_f.ncg	\
	pmdp_219_frnt_m.ncg	\
	pmdp_220_back_f.ncg	\
	pmdp_220_back_m.ncg	\
	pmdp_220_frnt_f.ncg	\
	pmdp_220_frnt_m.ncg	\
	pmdp_221_back_f.ncg	\
	pmdp_221_back_m.ncg	\
	pmdp_221_frnt_f.ncg	\
	pmdp_221_frnt_m.ncg	\
	pmdp_222_back_f.ncg	\
	pmdp_222_back_m.ncg	\
	pmdp_222_frnt_f.ncg	\
	pmdp_222_frnt_m.ncg	\
	pmdp_223_back_f.ncg	\
	pmdp_223_back_m.ncg	\
	pmdp_223_frnt_f.ncg	\
	pmdp_223_frnt_m.ncg	\
	pmdp_224_back_f.ncg	\
	pmdp_224_back_m.ncg	\
	pmdp_224_frnt_f.ncg	\
	pmdp_224_frnt_m.ncg	\
	pmdp_225_back_f.ncg	\
	pmdp_225_back_m.ncg	\
	pmdp_225_frnt_f.ncg	\
	pmdp_225_frnt_m.ncg	\
	pmdp_226_back_f.ncg	\
	pmdp_226_back_m.ncg	\
	pmdp_226_frnt_f.ncg	\
	pmdp_226_frnt_m.ncg	\
	pmdp_227_back_f.ncg	\
	pmdp_227_back_m.ncg	\
	pmdp_227_frnt_f.ncg	\
	pmdp_227_frnt_m.ncg	\
	pmdp_228_back_f.ncg	\
	pmdp_228_back_m.ncg	\
	pmdp_228_frnt_f.ncg	\
	pmdp_228_frnt_m.ncg	\
	pmdp_229_back_f.ncg	\
	pmdp_229_back_m.ncg	\
	pmdp_229_frnt_f.ncg	\
	pmdp_229_frnt_m.ncg	\
	pmdp_230_back_f.ncg	\
	pmdp_230_back_m.ncg	\
	pmdp_230_frnt_f.ncg	\
	pmdp_230_frnt_m.ncg	\
	pmdp_231_back_f.ncg	\
	pmdp_231_back_m.ncg	\
	pmdp_231_frnt_f.ncg	\
	pmdp_231_frnt_m.ncg	\
	pmdp_232_back_f.ncg	\
	pmdp_232_back_m.ncg	\
	pmdp_232_frnt_f.ncg	\
	pmdp_232_frnt_m.ncg	\
	pmdp_233_back_f.ncg	\
	pmdp_233_back_m.ncg	\
	pmdp_233_back_o.ncg	\
	pmdp_233_frnt_f.ncg	\
	pmdp_233_frnt_m.ncg	\
	pmdp_233_frnt_o.ncg	\
	pmdp_234_back_f.ncg	\
	pmdp_234_back_m.ncg	\
	pmdp_234_frnt_f.ncg	\
	pmdp_234_frnt_m.ncg	\
	pmdp_235_back_f.ncg	\
	pmdp_235_back_m.ncg	\
	pmdp_235_frnt_f.ncg	\
	pmdp_235_frnt_m.ncg	\
	pmdp_236_back_f.ncg	\
	pmdp_236_back_m.ncg	\
	pmdp_236_frnt_f.ncg	\
	pmdp_236_frnt_m.ncg	\
	pmdp_237_back_f.ncg	\
	pmdp_237_back_m.ncg	\
	pmdp_237_frnt_f.ncg	\
	pmdp_237_frnt_m.ncg	\
	pmdp_238_back_f.ncg	\
	pmdp_238_back_m.ncg	\
	pmdp_238_frnt_f.ncg	\
	pmdp_238_frnt_m.ncg	\
	pmdp_239_back_f.ncg	\
	pmdp_239_back_m.ncg	\
	pmdp_239_frnt_f.ncg	\
	pmdp_239_frnt_m.ncg	\
	pmdp_240_back_f.ncg	\
	pmdp_240_back_m.ncg	\
	pmdp_240_frnt_f.ncg	\
	pmdp_240_frnt_m.ncg	\
	pmdp_241_back_f.ncg	\
	pmdp_241_back_m.ncg	\
	pmdp_241_frnt_f.ncg	\
	pmdp_241_frnt_m.ncg	\
	pmdp_242_back_f.ncg	\
	pmdp_242_back_m.ncg	\
	pmdp_242_frnt_f.ncg	\
	pmdp_242_frnt_m.ncg	\
	pmdp_243_back_f.ncg	\
	pmdp_243_back_m.ncg	\
	pmdp_243_back_o.ncg	\
	pmdp_243_frnt_f.ncg	\
	pmdp_243_frnt_m.ncg	\
	pmdp_243_frnt_o.ncg	\
	pmdp_244_back_f.ncg	\
	pmdp_244_back_m.ncg	\
	pmdp_244_back_o.ncg	\
	pmdp_244_frnt_f.ncg	\
	pmdp_244_frnt_m.ncg	\
	pmdp_244_frnt_o.ncg	\
	pmdp_245_back_f.ncg	\
	pmdp_245_back_m.ncg	\
	pmdp_245_back_o.ncg	\
	pmdp_245_frnt_f.ncg	\
	pmdp_245_frnt_m.ncg	\
	pmdp_245_frnt_o.ncg	\
	pmdp_246_back_f.ncg	\
	pmdp_246_back_m.ncg	\
	pmdp_246_frnt_f.ncg	\
	pmdp_246_frnt_m.ncg	\
	pmdp_247_back_f.ncg	\
	pmdp_247_back_m.ncg	\
	pmdp_247_frnt_f.ncg	\
	pmdp_247_frnt_m.ncg	\
	pmdp_248_back_f.ncg	\
	pmdp_248_back_m.ncg	\
	pmdp_248_frnt_f.ncg	\
	pmdp_248_frnt_m.ncg	\
	pmdp_249_back_f.ncg	\
	pmdp_249_back_m.ncg	\
	pmdp_249_back_o.ncg	\
	pmdp_249_frnt_f.ncg	\
	pmdp_249_frnt_m.ncg	\
	pmdp_249_frnt_o.ncg	\
	pmdp_250_back_f.ncg	\
	pmdp_250_back_m.ncg	\
	pmdp_250_back_o.ncg	\
	pmdp_250_frnt_.ncg	\
	pmdp_250_frnt_f.ncg	\
	pmdp_250_frnt_m.ncg	\
	pmdp_250_frnt_o.ncg	\
	pmdp_251_back_f.ncg	\
	pmdp_251_back_m.ncg	\
	pmdp_251_back_o.ncg	\
	pmdp_251_frnt_f.ncg	\
	pmdp_251_frnt_m.ncg	\
	pmdp_251_frnt_o.ncg	\
	pmdp_252_back_f.ncg	\
	pmdp_252_back_m.ncg	\
	pmdp_252_frnt_f.ncg	\
	pmdp_252_frnt_m.ncg	\
	pmdp_253_back_f.ncg	\
	pmdp_253_back_m.ncg	\
	pmdp_253_frnt_f.ncg	\
	pmdp_253_frnt_m.ncg	\
	pmdp_254_back_f.ncg	\
	pmdp_254_back_m.ncg	\
	pmdp_254_frnt_f.ncg	\
	pmdp_254_frnt_m.ncg	\
	pmdp_255_back_f.ncg	\
	pmdp_255_back_m.ncg	\
	pmdp_255_frnt_f.ncg	\
	pmdp_255_frnt_m.ncg	\
	pmdp_256_back_f.ncg	\
	pmdp_256_back_m.ncg	\
	pmdp_256_frnt_f.ncg	\
	pmdp_256_frnt_m.ncg	\
	pmdp_257_back_f.ncg	\
	pmdp_257_back_m.ncg	\
	pmdp_257_frnt_f.ncg	\
	pmdp_257_frnt_m.ncg	\
	pmdp_258_back_f.ncg	\
	pmdp_258_back_m.ncg	\
	pmdp_258_frnt_f.ncg	\
	pmdp_258_frnt_m.ncg	\
	pmdp_259_back_f.ncg	\
	pmdp_259_back_m.ncg	\
	pmdp_259_frnt_f.ncg	\
	pmdp_259_frnt_m.ncg	\
	pmdp_260_back_f.ncg	\
	pmdp_260_back_m.ncg	\
	pmdp_260_frnt_f.ncg	\
	pmdp_260_frnt_m.ncg	\
	pmdp_261_back_f.ncg	\
	pmdp_261_back_m.ncg	\
	pmdp_261_frnt_f.ncg	\
	pmdp_261_frnt_m.ncg	\
	pmdp_262_back_f.ncg	\
	pmdp_262_back_m.ncg	\
	pmdp_262_frnt_f.ncg	\
	pmdp_262_frnt_m.ncg	\
	pmdp_263_back_f.ncg	\
	pmdp_263_back_m.ncg	\
	pmdp_263_frnt_f.ncg	\
	pmdp_263_frnt_m.ncg	\
	pmdp_264_back_f.ncg	\
	pmdp_264_back_m.ncg	\
	pmdp_264_frnt_f.ncg	\
	pmdp_264_frnt_m.ncg	\
	pmdp_265_back_f.ncg	\
	pmdp_265_back_m.ncg	\
	pmdp_265_frnt_f.ncg	\
	pmdp_265_frnt_m.ncg	\
	pmdp_266_back_f.ncg	\
	pmdp_266_back_m.ncg	\
	pmdp_266_frnt_f.ncg	\
	pmdp_266_frnt_m.ncg	\
	pmdp_267_back_f.ncg	\
	pmdp_267_back_m.ncg	\
	pmdp_267_frnt_f.ncg	\
	pmdp_267_frnt_m.ncg	\
	pmdp_268_back_f.ncg	\
	pmdp_268_back_m.ncg	\
	pmdp_268_frnt_f.ncg	\
	pmdp_268_frnt_m.ncg	\
	pmdp_269_back_f.ncg	\
	pmdp_269_back_m.ncg	\
	pmdp_269_frnt_f.ncg	\
	pmdp_269_frnt_m.ncg	\
	pmdp_270_back_f.ncg	\
	pmdp_270_back_m.ncg	\
	pmdp_270_frnt_f.ncg	\
	pmdp_270_frnt_m.ncg	\
	pmdp_271_back_f.ncg	\
	pmdp_271_back_m.ncg	\
	pmdp_271_frnt_f.ncg	\
	pmdp_271_frnt_m.ncg	\
	pmdp_272_back_f.ncg	\
	pmdp_272_back_m.ncg	\
	pmdp_272_frnt_f.ncg	\
	pmdp_272_frnt_m.ncg	\
	pmdp_273_back_f.ncg	\
	pmdp_273_back_m.ncg	\
	pmdp_273_frnt_f.ncg	\
	pmdp_273_frnt_m.ncg	\
	pmdp_274_back_f.ncg	\
	pmdp_274_back_m.ncg	\
	pmdp_274_frnt_f.ncg	\
	pmdp_274_frnt_m.ncg	\
	pmdp_275_back_f.ncg	\
	pmdp_275_back_m.ncg	\
	pmdp_275_frnt_f.ncg	\
	pmdp_275_frnt_m.ncg	\
	pmdp_276_back_f.ncg	\
	pmdp_276_back_m.ncg	\
	pmdp_276_frnt_f.ncg	\
	pmdp_276_frnt_m.ncg	\
	pmdp_277_back_f.ncg	\
	pmdp_277_back_m.ncg	\
	pmdp_277_frnt_f.ncg	\
	pmdp_277_frnt_m.ncg	\
	pmdp_278_back_f.ncg	\
	pmdp_278_back_m.ncg	\
	pmdp_278_frnt_f.ncg	\
	pmdp_278_frnt_m.ncg	\
	pmdp_279_back_f.ncg	\
	pmdp_279_back_m.ncg	\
	pmdp_279_frnt_f.ncg	\
	pmdp_279_frnt_m.ncg	\
	pmdp_280_back_f.ncg	\
	pmdp_280_back_m.ncg	\
	pmdp_280_frnt_f.ncg	\
	pmdp_280_frnt_m.ncg	\
	pmdp_281_back_f.ncg	\
	pmdp_281_back_m.ncg	\
	pmdp_281_frnt_f.ncg	\
	pmdp_281_frnt_m.ncg	\
	pmdp_282_back_f.ncg	\
	pmdp_282_back_m.ncg	\
	pmdp_282_frnt_f.ncg	\
	pmdp_282_frnt_m.ncg	\
	pmdp_283_back_f.ncg	\
	pmdp_283_back_m.ncg	\
	pmdp_283_frnt_f.ncg	\
	pmdp_283_frnt_m.ncg	\
	pmdp_284_back_f.ncg	\
	pmdp_284_back_m.ncg	\
	pmdp_284_frnt_f.ncg	\
	pmdp_284_frnt_m.ncg	\
	pmdp_285_back_f.ncg	\
	pmdp_285_back_m.ncg	\
	pmdp_285_frnt_f.ncg	\
	pmdp_285_frnt_m.ncg	\
	pmdp_286_back_f.ncg	\
	pmdp_286_back_m.ncg	\
	pmdp_286_frnt_f.ncg	\
	pmdp_286_frnt_m.ncg	\
	pmdp_287_back_f.ncg	\
	pmdp_287_back_m.ncg	\
	pmdp_287_frnt_f.ncg	\
	pmdp_287_frnt_m.ncg	\
	pmdp_288_back_f.ncg	\
	pmdp_288_back_m.ncg	\
	pmdp_288_frnt_f.ncg	\
	pmdp_288_frnt_m.ncg	\
	pmdp_289_back_f.ncg	\
	pmdp_289_back_m.ncg	\
	pmdp_289_frnt_f.ncg	\
	pmdp_289_frnt_m.ncg	\
	pmdp_290_back_f.ncg	\
	pmdp_290_back_m.ncg	\
	pmdp_290_frnt_f.ncg	\
	pmdp_290_frnt_m.ncg	\
	pmdp_291_back_f.ncg	\
	pmdp_291_back_m.ncg	\
	pmdp_291_frnt_f.ncg	\
	pmdp_291_frnt_m.ncg	\
	pmdp_292_back_f.ncg	\
	pmdp_292_back_m.ncg	\
	pmdp_292_back_o.ncg	\
	pmdp_292_frnt_f.ncg	\
	pmdp_292_frnt_m.ncg	\
	pmdp_292_frnt_o.ncg	\
	pmdp_293_back_f.ncg	\
	pmdp_293_back_m.ncg	\
	pmdp_293_frnt_f.ncg	\
	pmdp_293_frnt_m.ncg	\
	pmdp_294_back_f.ncg	\
	pmdp_294_back_m.ncg	\
	pmdp_294_frnt_f.ncg	\
	pmdp_294_frnt_m.ncg	\
	pmdp_295_back_f.ncg	\
	pmdp_295_back_m.ncg	\
	pmdp_295_frnt_f.ncg	\
	pmdp_295_frnt_m.ncg	\
	pmdp_296_back_f.ncg	\
	pmdp_296_back_m.ncg	\
	pmdp_296_frnt_f.ncg	\
	pmdp_296_frnt_m.ncg	\
	pmdp_297_back_f.ncg	\
	pmdp_297_back_m.ncg	\
	pmdp_297_frnt_f.ncg	\
	pmdp_297_frnt_m.ncg	\
	pmdp_298_back_f.ncg	\
	pmdp_298_back_m.ncg	\
	pmdp_298_frnt_f.ncg	\
	pmdp_298_frnt_m.ncg	\
	pmdp_299_back_f.ncg	\
	pmdp_299_back_m.ncg	\
	pmdp_299_frnt_f.ncg	\
	pmdp_299_frnt_m.ncg	\
	pmdp_300_back_f.ncg	\
	pmdp_300_back_m.ncg	\
	pmdp_300_frnt_f.ncg	\
	pmdp_300_frnt_m.ncg	\
	pmdp_301_back_f.ncg	\
	pmdp_301_back_m.ncg	\
	pmdp_301_frnt_f.ncg	\
	pmdp_301_frnt_m.ncg	\
	pmdp_302_back_f.ncg	\
	pmdp_302_back_m.ncg	\
	pmdp_302_frnt_f.ncg	\
	pmdp_302_frnt_m.ncg	\
	pmdp_303_back_f.ncg	\
	pmdp_303_back_m.ncg	\
	pmdp_303_frnt_f.ncg	\
	pmdp_303_frnt_m.ncg	\
	pmdp_304_back_f.ncg	\
	pmdp_304_back_m.ncg	\
	pmdp_304_frnt_f.ncg	\
	pmdp_304_frnt_m.ncg	\
	pmdp_305_back_f.ncg	\
	pmdp_305_back_m.ncg	\
	pmdp_305_frnt_f.ncg	\
	pmdp_305_frnt_m.ncg	\
	pmdp_306_back_f.ncg	\
	pmdp_306_back_m.ncg	\
	pmdp_306_frnt_f.ncg	\
	pmdp_306_frnt_m.ncg	\
	pmdp_307_back_f.ncg	\
	pmdp_307_back_m.ncg	\
	pmdp_307_frnt_f.ncg	\
	pmdp_307_frnt_m.ncg	\
	pmdp_308_back_f.ncg	\
	pmdp_308_back_m.ncg	\
	pmdp_308_frnt_f.ncg	\
	pmdp_308_frnt_m.ncg	\
	pmdp_309_back_f.ncg	\
	pmdp_309_back_m.ncg	\
	pmdp_309_frnt_f.ncg	\
	pmdp_309_frnt_m.ncg	\
	pmdp_310_back_f.ncg	\
	pmdp_310_back_m.ncg	\
	pmdp_310_frnt_f.ncg	\
	pmdp_310_frnt_m.ncg	\
	pmdp_311_back_f.ncg	\
	pmdp_311_back_m.ncg	\
	pmdp_311_frnt_f.ncg	\
	pmdp_311_frnt_m.ncg	\
	pmdp_312_back_f.ncg	\
	pmdp_312_back_m.ncg	\
	pmdp_312_frnt_f.ncg	\
	pmdp_312_frnt_m.ncg	\
	pmdp_313_back_f.ncg	\
	pmdp_313_back_m.ncg	\
	pmdp_313_frnt_f.ncg	\
	pmdp_313_frnt_m.ncg	\
	pmdp_314_back_f.ncg	\
	pmdp_314_back_m.ncg	\
	pmdp_314_frnt_f.ncg	\
	pmdp_314_frnt_m.ncg	\
	pmdp_315_back_f.ncg	\
	pmdp_315_back_m.ncg	\
	pmdp_315_frnt_f.ncg	\
	pmdp_315_frnt_m.ncg	\
	pmdp_316_back_f.ncg	\
	pmdp_316_back_m.ncg	\
	pmdp_316_frnt_f.ncg	\
	pmdp_316_frnt_m.ncg	\
	pmdp_317_back_f.ncg	\
	pmdp_317_back_m.ncg	\
	pmdp_317_frnt_f.ncg	\
	pmdp_317_frnt_m.ncg	\
	pmdp_318_back_f.ncg	\
	pmdp_318_back_m.ncg	\
	pmdp_318_frnt_f.ncg	\
	pmdp_318_frnt_m.ncg	\
	pmdp_319_back_f.ncg	\
	pmdp_319_back_m.ncg	\
	pmdp_319_frnt_f.ncg	\
	pmdp_319_frnt_m.ncg	\
	pmdp_320_back_f.ncg	\
	pmdp_320_back_m.ncg	\
	pmdp_320_frnt_f.ncg	\
	pmdp_320_frnt_m.ncg	\
	pmdp_321_back_f.ncg	\
	pmdp_321_back_m.ncg	\
	pmdp_321_frnt_f.ncg	\
	pmdp_321_frnt_m.ncg	\
	pmdp_322_back_f.ncg	\
	pmdp_322_back_m.ncg	\
	pmdp_322_frnt_f.ncg	\
	pmdp_322_frnt_m.ncg	\
	pmdp_323_back_f.ncg	\
	pmdp_323_back_m.ncg	\
	pmdp_323_frnt_f.ncg	\
	pmdp_323_frnt_m.ncg	\
	pmdp_324_back_f.ncg	\
	pmdp_324_back_m.ncg	\
	pmdp_324_frnt_f.ncg	\
	pmdp_324_frnt_m.ncg	\
	pmdp_325_back_f.ncg	\
	pmdp_325_back_m.ncg	\
	pmdp_325_frnt_f.ncg	\
	pmdp_325_frnt_m.ncg	\
	pmdp_326_back_f.ncg	\
	pmdp_326_back_m.ncg	\
	pmdp_326_frnt_f.ncg	\
	pmdp_326_frnt_m.ncg	\
	pmdp_327_back_f.ncg	\
	pmdp_327_back_m.ncg	\
	pmdp_327_frnt_f.ncg	\
	pmdp_327_frnt_m.ncg	\
	pmdp_328_back_f.ncg	\
	pmdp_328_back_m.ncg	\
	pmdp_328_frnt_f.ncg	\
	pmdp_328_frnt_m.ncg	\
	pmdp_329_back_f.ncg	\
	pmdp_329_back_m.ncg	\
	pmdp_329_frnt_f.ncg	\
	pmdp_329_frnt_m.ncg	\
	pmdp_330_back_f.ncg	\
	pmdp_330_back_m.ncg	\
	pmdp_330_frnt_f.ncg	\
	pmdp_330_frnt_m.ncg	\
	pmdp_331_back_f.ncg	\
	pmdp_331_back_m.ncg	\
	pmdp_331_frnt_f.ncg	\
	pmdp_331_frnt_m.ncg	\
	pmdp_332_back_f.ncg	\
	pmdp_332_back_m.ncg	\
	pmdp_332_frnt_f.ncg	\
	pmdp_332_frnt_m.ncg	\
	pmdp_333_back_f.ncg	\
	pmdp_333_back_m.ncg	\
	pmdp_333_frnt_f.ncg	\
	pmdp_333_frnt_m.ncg	\
	pmdp_334_back_f.ncg	\
	pmdp_334_back_m.ncg	\
	pmdp_334_frnt_f.ncg	\
	pmdp_334_frnt_m.ncg	\
	pmdp_335_back_f.ncg	\
	pmdp_335_back_m.ncg	\
	pmdp_335_frnt_f.ncg	\
	pmdp_335_frnt_m.ncg	\
	pmdp_336_back_f.ncg	\
	pmdp_336_back_m.ncg	\
	pmdp_336_frnt_f.ncg	\
	pmdp_336_frnt_m.ncg	\
	pmdp_337_back_f.ncg	\
	pmdp_337_back_m.ncg	\
	pmdp_337_back_o.ncg	\
	pmdp_337_frnt_f.ncg	\
	pmdp_337_frnt_m.ncg	\
	pmdp_337_frnt_o.ncg	\
	pmdp_338_back_f.ncg	\
	pmdp_338_back_m.ncg	\
	pmdp_338_back_o.ncg	\
	pmdp_338_frnt_f.ncg	\
	pmdp_338_frnt_m.ncg	\
	pmdp_338_frnt_o.ncg	\
	pmdp_339_back_f.ncg	\
	pmdp_339_back_m.ncg	\
	pmdp_339_frnt_f.ncg	\
	pmdp_339_frnt_m.ncg	\
	pmdp_340_back_f.ncg	\
	pmdp_340_back_m.ncg	\
	pmdp_340_frnt_f.ncg	\
	pmdp_340_frnt_m.ncg	\
	pmdp_341_back_f.ncg	\
	pmdp_341_back_m.ncg	\
	pmdp_341_frnt_f.ncg	\
	pmdp_341_frnt_m.ncg	\
	pmdp_342_back_f.ncg	\
	pmdp_342_back_m.ncg	\
	pmdp_342_frnt_f.ncg	\
	pmdp_342_frnt_m.ncg	\
	pmdp_343_back_f.ncg	\
	pmdp_343_back_m.ncg	\
	pmdp_343_back_o.ncg	\
	pmdp_343_frnt_f.ncg	\
	pmdp_343_frnt_m.ncg	\
	pmdp_343_frnt_o.ncg	\
	pmdp_344_back_f.ncg	\
	pmdp_344_back_m.ncg	\
	pmdp_344_back_o.ncg	\
	pmdp_344_frnt_f.ncg	\
	pmdp_344_frnt_m.ncg	\
	pmdp_344_frnt_o.ncg	\
	pmdp_345_back_f.ncg	\
	pmdp_345_back_m.ncg	\
	pmdp_345_frnt_f.ncg	\
	pmdp_345_frnt_m.ncg	\
	pmdp_346_back_f.ncg	\
	pmdp_346_back_m.ncg	\
	pmdp_346_frnt_f.ncg	\
	pmdp_346_frnt_m.ncg	\
	pmdp_347_back_f.ncg	\
	pmdp_347_back_m.ncg	\
	pmdp_347_frnt_f.ncg	\
	pmdp_347_frnt_m.ncg	\
	pmdp_348_back_f.ncg	\
	pmdp_348_back_m.ncg	\
	pmdp_348_frnt_f.ncg	\
	pmdp_348_frnt_m.ncg	\
	pmdp_349_back_f.ncg	\
	pmdp_349_back_m.ncg	\
	pmdp_349_frnt_f.ncg	\
	pmdp_349_frnt_m.ncg	\
	pmdp_350_back_f.ncg	\
	pmdp_350_back_m.ncg	\
	pmdp_350_frnt_f.ncg	\
	pmdp_350_frnt_m.ncg	\
	pmdp_351_back_f.ncg	\
	pmdp_351_back_m.ncg	\
	pmdp_351_frnt_f.ncg	\
	pmdp_351_frnt_m.ncg	\
	pmdp_352_back_f.ncg	\
	pmdp_352_back_m.ncg	\
	pmdp_352_frnt_f.ncg	\
	pmdp_352_frnt_m.ncg	\
	pmdp_353_back_f.ncg	\
	pmdp_353_back_m.ncg	\
	pmdp_353_frnt_f.ncg	\
	pmdp_353_frnt_m.ncg	\
	pmdp_354_back_f.ncg	\
	pmdp_354_back_m.ncg	\
	pmdp_354_frnt_f.ncg	\
	pmdp_354_frnt_m.ncg	\
	pmdp_355_back_f.ncg	\
	pmdp_355_back_m.ncg	\
	pmdp_355_frnt_f.ncg	\
	pmdp_355_frnt_m.ncg	\
	pmdp_356_back_f.ncg	\
	pmdp_356_back_m.ncg	\
	pmdp_356_frnt_f.ncg	\
	pmdp_356_frnt_m.ncg	\
	pmdp_357_back_f.ncg	\
	pmdp_357_back_m.ncg	\
	pmdp_357_frnt_f.ncg	\
	pmdp_357_frnt_m.ncg	\
	pmdp_358_back_f.ncg	\
	pmdp_358_back_m.ncg	\
	pmdp_358_frnt_f.ncg	\
	pmdp_358_frnt_m.ncg	\
	pmdp_359_back_f.ncg	\
	pmdp_359_back_m.ncg	\
	pmdp_359_frnt_f.ncg	\
	pmdp_359_frnt_m.ncg	\
	pmdp_360_back_f.ncg	\
	pmdp_360_back_m.ncg	\
	pmdp_360_frnt_f.ncg	\
	pmdp_360_frnt_m.ncg	\
	pmdp_361_back_f.ncg	\
	pmdp_361_back_m.ncg	\
	pmdp_361_frnt_f.ncg	\
	pmdp_361_frnt_m.ncg	\
	pmdp_362_back_f.ncg	\
	pmdp_362_back_m.ncg	\
	pmdp_362_frnt_f.ncg	\
	pmdp_362_frnt_m.ncg	\
	pmdp_363_back_f.ncg	\
	pmdp_363_back_m.ncg	\
	pmdp_363_frnt_f.ncg	\
	pmdp_363_frnt_m.ncg	\
	pmdp_364_back_f.ncg	\
	pmdp_364_back_m.ncg	\
	pmdp_364_frnt_f.ncg	\
	pmdp_364_frnt_m.ncg	\
	pmdp_365_back_f.ncg	\
	pmdp_365_back_m.ncg	\
	pmdp_365_frnt_f.ncg	\
	pmdp_365_frnt_m.ncg	\
	pmdp_366_back_f.ncg	\
	pmdp_366_back_m.ncg	\
	pmdp_366_frnt_f.ncg	\
	pmdp_366_frnt_m.ncg	\
	pmdp_367_back_f.ncg	\
	pmdp_367_back_m.ncg	\
	pmdp_367_frnt_f.ncg	\
	pmdp_367_frnt_m.ncg	\
	pmdp_368_back_f.ncg	\
	pmdp_368_back_m.ncg	\
	pmdp_368_frnt_f.ncg	\
	pmdp_368_frnt_m.ncg	\
	pmdp_369_back_f.ncg	\
	pmdp_369_back_m.ncg	\
	pmdp_369_frnt_f.ncg	\
	pmdp_369_frnt_m.ncg	\
	pmdp_370_back_f.ncg	\
	pmdp_370_back_m.ncg	\
	pmdp_370_frnt_f.ncg	\
	pmdp_370_frnt_m.ncg	\
	pmdp_371_back_f.ncg	\
	pmdp_371_back_m.ncg	\
	pmdp_371_frnt_f.ncg	\
	pmdp_371_frnt_m.ncg	\
	pmdp_372_back_f.ncg	\
	pmdp_372_back_m.ncg	\
	pmdp_372_frnt_f.ncg	\
	pmdp_372_frnt_m.ncg	\
	pmdp_373_back_f.ncg	\
	pmdp_373_back_m.ncg	\
	pmdp_373_frnt_f.ncg	\
	pmdp_373_frnt_m.ncg	\
	pmdp_374_back_f.ncg	\
	pmdp_374_back_m.ncg	\
	pmdp_374_back_o.ncg	\
	pmdp_374_frnt_f.ncg	\
	pmdp_374_frnt_m.ncg	\
	pmdp_374_frnt_o.ncg	\
	pmdp_375_back_f.ncg	\
	pmdp_375_back_m.ncg	\
	pmdp_375_back_o.ncg	\
	pmdp_375_frnt_f.ncg	\
	pmdp_375_frnt_m.ncg	\
	pmdp_375_frnt_o.ncg	\
	pmdp_376_back_f.ncg	\
	pmdp_376_back_m.ncg	\
	pmdp_376_back_o.ncg	\
	pmdp_376_frnt_f.ncg	\
	pmdp_376_frnt_m.ncg	\
	pmdp_376_frnt_o.ncg	\
	pmdp_377_back_f.ncg	\
	pmdp_377_back_m.ncg	\
	pmdp_377_back_o.ncg	\
	pmdp_377_frnt_f.ncg	\
	pmdp_377_frnt_m.ncg	\
	pmdp_377_frnt_o.ncg	\
	pmdp_378_back_f.ncg	\
	pmdp_378_back_m.ncg	\
	pmdp_378_back_o.ncg	\
	pmdp_378_frnt_f.ncg	\
	pmdp_378_frnt_m.ncg	\
	pmdp_378_frnt_o.ncg	\
	pmdp_379_back_f.ncg	\
	pmdp_379_back_m.ncg	\
	pmdp_379_back_o.ncg	\
	pmdp_379_frnt_f.ncg	\
	pmdp_379_frnt_m.ncg	\
	pmdp_379_frnt_o.ncg	\
	pmdp_380_back_f.ncg	\
	pmdp_380_back_m.ncg	\
	pmdp_380_frnt_f.ncg	\
	pmdp_380_frnt_m.ncg	\
	pmdp_381_back_f.ncg	\
	pmdp_381_back_m.ncg	\
	pmdp_381_frnt_f.ncg	\
	pmdp_381_frnt_m.ncg	\
	pmdp_382_back_f.ncg	\
	pmdp_382_back_m.ncg	\
	pmdp_382_back_o.ncg	\
	pmdp_382_frnt_f.ncg	\
	pmdp_382_frnt_m.ncg	\
	pmdp_382_frnt_o.ncg	\
	pmdp_383_back_f.ncg	\
	pmdp_383_back_m.ncg	\
	pmdp_383_back_o.ncg	\
	pmdp_383_frnt_f.ncg	\
	pmdp_383_frnt_m.ncg	\
	pmdp_383_frnt_o.ncg	\
	pmdp_384_back_f.ncg	\
	pmdp_384_back_m.ncg	\
	pmdp_384_back_o.ncg	\
	pmdp_384_frnt_f.ncg	\
	pmdp_384_frnt_m.ncg	\
	pmdp_384_frnt_o.ncg	\
	pmdp_385_back_f.ncg	\
	pmdp_385_back_m.ncg	\
	pmdp_385_back_o.ncg	\
	pmdp_385_frnt_f.ncg	\
	pmdp_385_frnt_m.ncg	\
	pmdp_385_frnt_o.ncg	\
	pmdp_386_back_f.ncg	\
	pmdp_386_back_m.ncg	\
	pmdp_386_back_o.ncg	\
	pmdp_386_frnt_f.ncg	\
	pmdp_386_frnt_m.ncg	\
	pmdp_386_frnt_o.ncg	\
	pmdp_387_back_f.ncg	\
	pmdp_387_back_m.ncg	\
	pmdp_387_frnt_f.ncg	\
	pmdp_387_frnt_m.ncg	\
	pmdp_388_back_f.ncg	\
	pmdp_388_back_m.ncg	\
	pmdp_388_frnt_f.ncg	\
	pmdp_388_frnt_m.ncg	\
	pmdp_389_back_f.ncg	\
	pmdp_389_back_m.ncg	\
	pmdp_389_frnt_f.ncg	\
	pmdp_389_frnt_m.ncg	\
	pmdp_390_back_f.ncg	\
	pmdp_390_back_m.ncg	\
	pmdp_390_frnt_f.ncg	\
	pmdp_390_frnt_m.ncg	\
	pmdp_391_back_f.ncg	\
	pmdp_391_back_m.ncg	\
	pmdp_391_frnt_f.ncg	\
	pmdp_391_frnt_m.ncg	\
	pmdp_392_back_f.ncg	\
	pmdp_392_back_m.ncg	\
	pmdp_392_frnt_f.ncg	\
	pmdp_392_frnt_m.ncg	\
	pmdp_393_back_f.ncg	\
	pmdp_393_back_m.ncg	\
	pmdp_393_frnt_f.ncg	\
	pmdp_393_frnt_m.ncg	\
	pmdp_394_back_f.ncg	\
	pmdp_394_back_m.ncg	\
	pmdp_394_frnt_f.ncg	\
	pmdp_394_frnt_m.ncg	\
	pmdp_395_back_f.ncg	\
	pmdp_395_back_m.ncg	\
	pmdp_395_frnt_f.ncg	\
	pmdp_395_frnt_m.ncg	\
	pmdp_396_back_f.ncg	\
	pmdp_396_back_m.ncg	\
	pmdp_396_frnt_f.ncg	\
	pmdp_396_frnt_m.ncg	\
	pmdp_397_back_f.ncg	\
	pmdp_397_back_m.ncg	\
	pmdp_397_frnt_f.ncg	\
	pmdp_397_frnt_m.ncg	\
	pmdp_398_back_f.ncg	\
	pmdp_398_back_m.ncg	\
	pmdp_398_frnt_f.ncg	\
	pmdp_398_frnt_m.ncg	\
	pmdp_399_back_f.ncg	\
	pmdp_399_back_m.ncg	\
	pmdp_399_frnt_f.ncg	\
	pmdp_399_frnt_m.ncg	\
	pmdp_400_back_f.ncg	\
	pmdp_400_back_m.ncg	\
	pmdp_400_frnt_f.ncg	\
	pmdp_400_frnt_m.ncg	\
	pmdp_401_back_f.ncg	\
	pmdp_401_back_m.ncg	\
	pmdp_401_frnt_f.ncg	\
	pmdp_401_frnt_m.ncg	\
	pmdp_402_back_f.ncg	\
	pmdp_402_back_m.ncg	\
	pmdp_402_frnt_f.ncg	\
	pmdp_402_frnt_m.ncg	\
	pmdp_403_back_f.ncg	\
	pmdp_403_back_m.ncg	\
	pmdp_403_frnt_f.ncg	\
	pmdp_403_frnt_m.ncg	\
	pmdp_404_back_f.ncg	\
	pmdp_404_back_m.ncg	\
	pmdp_404_frnt_f.ncg	\
	pmdp_404_frnt_m.ncg	\
	pmdp_405_back_f.ncg	\
	pmdp_405_back_m.ncg	\
	pmdp_405_frnt_f.ncg	\
	pmdp_405_frnt_m.ncg	\
	pmdp_406_back_f.ncg	\
	pmdp_406_back_m.ncg	\
	pmdp_406_frnt_f.ncg	\
	pmdp_406_frnt_m.ncg	\
	pmdp_407_back_f.ncg	\
	pmdp_407_back_m.ncg	\
	pmdp_407_frnt_f.ncg	\
	pmdp_407_frnt_m.ncg	\
	pmdp_408_back_f.ncg	\
	pmdp_408_back_m.ncg	\
	pmdp_408_frnt_f.ncg	\
	pmdp_408_frnt_m.ncg	\
	pmdp_409_back_f.ncg	\
	pmdp_409_back_m.ncg	\
	pmdp_409_frnt_f.ncg	\
	pmdp_409_frnt_m.ncg	\
	pmdp_410_back_f.ncg	\
	pmdp_410_back_m.ncg	\
	pmdp_410_frnt_f.ncg	\
	pmdp_410_frnt_m.ncg	\
	pmdp_411_back_f.ncg	\
	pmdp_411_back_m.ncg	\
	pmdp_411_frnt_f.ncg	\
	pmdp_411_frnt_m.ncg	\
	pmdp_412_back_f.ncg	\
	pmdp_412_back_m.ncg	\
	pmdp_412_frnt_f.ncg	\
	pmdp_412_frnt_m.ncg	\
	pmdp_413_back_f.ncg	\
	pmdp_413_back_m.ncg	\
	pmdp_413_frnt_f.ncg	\
	pmdp_413_frnt_m.ncg	\
	pmdp_414_back_f.ncg	\
	pmdp_414_back_m.ncg	\
	pmdp_414_frnt_f.ncg	\
	pmdp_414_frnt_m.ncg	\
	pmdp_415_back_f.ncg	\
	pmdp_415_back_m.ncg	\
	pmdp_415_frnt_f.ncg	\
	pmdp_415_frnt_m.ncg	\
	pmdp_416_back_f.ncg	\
	pmdp_416_back_m.ncg	\
	pmdp_416_frnt_f.ncg	\
	pmdp_416_frnt_m.ncg	\
	pmdp_417_back_f.ncg	\
	pmdp_417_back_m.ncg	\
	pmdp_417_frnt_f.ncg	\
	pmdp_417_frnt_m.ncg	\
	pmdp_418_back_f.ncg	\
	pmdp_418_back_m.ncg	\
	pmdp_418_frnt_f.ncg	\
	pmdp_418_frnt_m.ncg	\
	pmdp_419_back_f.ncg	\
	pmdp_419_back_m.ncg	\
	pmdp_419_frnt_f.ncg	\
	pmdp_419_frnt_m.ncg	\
	pmdp_420_back_f.ncg	\
	pmdp_420_back_m.ncg	\
	pmdp_420_frnt_f.ncg	\
	pmdp_420_frnt_m.ncg	\
	pmdp_421_back_f.ncg	\
	pmdp_421_back_m.ncg	\
	pmdp_421_frnt_f.ncg	\
	pmdp_421_frnt_m.ncg	\
	pmdp_422_back_f.ncg	\
	pmdp_422_back_m.ncg	\
	pmdp_422_frnt_f.ncg	\
	pmdp_422_frnt_m.ncg	\
	pmdp_423_back_f.ncg	\
	pmdp_423_back_m.ncg	\
	pmdp_423_frnt_f.ncg	\
	pmdp_423_frnt_m.ncg	\
	pmdp_424_back_f.ncg	\
	pmdp_424_back_m.ncg	\
	pmdp_424_frnt_f.ncg	\
	pmdp_424_frnt_m.ncg	\
	pmdp_425_back_f.ncg	\
	pmdp_425_back_m.ncg	\
	pmdp_425_frnt_f.ncg	\
	pmdp_425_frnt_m.ncg	\
	pmdp_426_back_f.ncg	\
	pmdp_426_back_m.ncg	\
	pmdp_426_frnt_f.ncg	\
	pmdp_426_frnt_m.ncg	\
	pmdp_000_n.ncl	\
	pmdp_000_r.ncl	\
	pmdp_001_n.ncl	\
	pmdp_001_r.ncl	\
	pmdp_002_n.ncl	\
	pmdp_002_r.ncl	\
	pmdp_003_n.ncl	\
	pmdp_003_r.ncl	\
	pmdp_004_n.ncl	\
	pmdp_004_r.ncl	\
	pmdp_005_n.ncl	\
	pmdp_005_r.ncl	\
	pmdp_006_n.ncl	\
	pmdp_006_r.ncl	\
	pmdp_007_n.ncl	\
	pmdp_007_r.ncl	\
	pmdp_008_n.ncl	\
	pmdp_008_r.ncl	\
	pmdp_009_n.ncl	\
	pmdp_009_r.ncl	\
	pmdp_010_n.ncl	\
	pmdp_010_r.ncl	\
	pmdp_011_n.ncl	\
	pmdp_011_r.ncl	\
	pmdp_012_n.ncl	\
	pmdp_012_r.ncl	\
	pmdp_013_n.ncl	\
	pmdp_013_r.ncl	\
	pmdp_014_n.ncl	\
	pmdp_014_r.ncl	\
	pmdp_015_n.ncl	\
	pmdp_015_r.ncl	\
	pmdp_016_n.ncl	\
	pmdp_016_r.ncl	\
	pmdp_017_n.ncl	\
	pmdp_017_r.ncl	\
	pmdp_018_n.ncl	\
	pmdp_018_r.ncl	\
	pmdp_019_n.ncl	\
	pmdp_019_r.ncl	\
	pmdp_020_n.ncl	\
	pmdp_020_r.ncl	\
	pmdp_021_n.ncl	\
	pmdp_021_r.ncl	\
	pmdp_022_n.ncl	\
	pmdp_022_r.ncl	\
	pmdp_023_n.ncl	\
	pmdp_023_r.ncl	\
	pmdp_024_n.ncl	\
	pmdp_024_r.ncl	\
	pmdp_025_n.ncl	\
	pmdp_025_r.ncl	\
	pmdp_026_n.ncl	\
	pmdp_026_r.ncl	\
	pmdp_027_n.ncl	\
	pmdp_027_r.ncl	\
	pmdp_028_n.ncl	\
	pmdp_028_r.ncl	\
	pmdp_029_n.ncl	\
	pmdp_029_r.ncl	\
	pmdp_030_n.ncl	\
	pmdp_030_r.ncl	\
	pmdp_031_n.ncl	\
	pmdp_031_r.ncl	\
	pmdp_032_n.ncl	\
	pmdp_032_r.ncl	\
	pmdp_033_n.ncl	\
	pmdp_033_r.ncl	\
	pmdp_034_n.ncl	\
	pmdp_034_r.ncl	\
	pmdp_035_n.ncl	\
	pmdp_035_r.ncl	\
	pmdp_036_n.ncl	\
	pmdp_036_r.ncl	\
	pmdp_037_n.ncl	\
	pmdp_037_r.ncl	\
	pmdp_038_n.ncl	\
	pmdp_038_r.ncl	\
	pmdp_039_n.ncl	\
	pmdp_039_r.ncl	\
	pmdp_040_n.ncl	\
	pmdp_040_r.ncl	\
	pmdp_041_n.ncl	\
	pmdp_041_r.ncl	\
	pmdp_042_n.ncl	\
	pmdp_042_r.ncl	\
	pmdp_043_n.ncl	\
	pmdp_043_r.ncl	\
	pmdp_044_n.ncl	\
	pmdp_044_r.ncl	\
	pmdp_045_n.ncl	\
	pmdp_045_r.ncl	\
	pmdp_046_n.ncl	\
	pmdp_046_r.ncl	\
	pmdp_047_n.ncl	\
	pmdp_047_r.ncl	\
	pmdp_048_n.ncl	\
	pmdp_048_r.ncl	\
	pmdp_049_n.ncl	\
	pmdp_049_r.ncl	\
	pmdp_050_n.ncl	\
	pmdp_050_r.ncl	\
	pmdp_051_n.ncl	\
	pmdp_051_r.ncl	\
	pmdp_052_n.ncl	\
	pmdp_052_r.ncl	\
	pmdp_053_n.ncl	\
	pmdp_053_r.ncl	\
	pmdp_054_n.ncl	\
	pmdp_054_r.ncl	\
	pmdp_055_n.ncl	\
	pmdp_055_r.ncl	\
	pmdp_056_n.ncl	\
	pmdp_056_r.ncl	\
	pmdp_057_n.ncl	\
	pmdp_057_r.ncl	\
	pmdp_058_n.ncl	\
	pmdp_058_r.ncl	\
	pmdp_059_n.ncl	\
	pmdp_059_r.ncl	\
	pmdp_060_n.ncl	\
	pmdp_060_r.ncl	\
	pmdp_061_n.ncl	\
	pmdp_061_r.ncl	\
	pmdp_062_n.ncl	\
	pmdp_062_r.ncl	\
	pmdp_063_n.ncl	\
	pmdp_063_r.ncl	\
	pmdp_064_n.ncl	\
	pmdp_064_r.ncl	\
	pmdp_065_n.ncl	\
	pmdp_065_r.ncl	\
	pmdp_066_n.ncl	\
	pmdp_066_r.ncl	\
	pmdp_067_n.ncl	\
	pmdp_067_r.ncl	\
	pmdp_068_n.ncl	\
	pmdp_068_r.ncl	\
	pmdp_069_n.ncl	\
	pmdp_069_r.ncl	\
	pmdp_070_n.ncl	\
	pmdp_070_r.ncl	\
	pmdp_071_n.ncl	\
	pmdp_071_r.ncl	\
	pmdp_072_n.ncl	\
	pmdp_072_r.ncl	\
	pmdp_073_n.ncl	\
	pmdp_073_r.ncl	\
	pmdp_074_n.ncl	\
	pmdp_074_r.ncl	\
	pmdp_075_n.ncl	\
	pmdp_075_r.ncl	\
	pmdp_076_n.ncl	\
	pmdp_076_r.ncl	\
	pmdp_077_n.ncl	\
	pmdp_077_r.ncl	\
	pmdp_078_n.ncl	\
	pmdp_078_r.ncl	\
	pmdp_079_n.ncl	\
	pmdp_079_r.ncl	\
	pmdp_080_n.ncl	\
	pmdp_080_r.ncl	\
	pmdp_081_n.ncl	\
	pmdp_081_r.ncl	\
	pmdp_082_n.ncl	\
	pmdp_082_r.ncl	\
	pmdp_083_n.ncl	\
	pmdp_083_r.ncl	\
	pmdp_084_n.ncl	\
	pmdp_084_r.ncl	\
	pmdp_085_n.ncl	\
	pmdp_085_r.ncl	\
	pmdp_086_n.ncl	\
	pmdp_086_r.ncl	\
	pmdp_087_n.ncl	\
	pmdp_087_r.ncl	\
	pmdp_088_n.ncl	\
	pmdp_088_r.ncl	\
	pmdp_089_n.ncl	\
	pmdp_089_r.ncl	\
	pmdp_090_n.ncl	\
	pmdp_090_r.ncl	\
	pmdp_091_n.ncl	\
	pmdp_091_r.ncl	\
	pmdp_092_n.ncl	\
	pmdp_092_r.ncl	\
	pmdp_093_n.ncl	\
	pmdp_093_r.ncl	\
	pmdp_094_n.ncl	\
	pmdp_094_r.ncl	\
	pmdp_095_n.ncl	\
	pmdp_095_r.ncl	\
	pmdp_096_n.ncl	\
	pmdp_096_r.ncl	\
	pmdp_097_n.ncl	\
	pmdp_097_r.ncl	\
	pmdp_098_n.ncl	\
	pmdp_098_r.ncl	\
	pmdp_099_n.ncl	\
	pmdp_099_r.ncl	\
	pmdp_100_n.ncl	\
	pmdp_100_r.ncl	\
	pmdp_101_n.ncl	\
	pmdp_101_r.ncl	\
	pmdp_102_n.ncl	\
	pmdp_102_r.ncl	\
	pmdp_103_n.ncl	\
	pmdp_103_r.ncl	\
	pmdp_104_n.ncl	\
	pmdp_104_r.ncl	\
	pmdp_105_n.ncl	\
	pmdp_105_r.ncl	\
	pmdp_106_n.ncl	\
	pmdp_106_r.ncl	\
	pmdp_107_n.ncl	\
	pmdp_107_r.ncl	\
	pmdp_108_n.ncl	\
	pmdp_108_r.ncl	\
	pmdp_109_n.ncl	\
	pmdp_109_r.ncl	\
	pmdp_110_n.ncl	\
	pmdp_110_r.ncl	\
	pmdp_111_n.ncl	\
	pmdp_111_r.ncl	\
	pmdp_112_n.ncl	\
	pmdp_112_r.ncl	\
	pmdp_113_n.ncl	\
	pmdp_113_r.ncl	\
	pmdp_114_n.ncl	\
	pmdp_114_r.ncl	\
	pmdp_115_n.ncl	\
	pmdp_115_r.ncl	\
	pmdp_116_n.ncl	\
	pmdp_116_r.ncl	\
	pmdp_117_n.ncl	\
	pmdp_117_r.ncl	\
	pmdp_118_n.ncl	\
	pmdp_118_r.ncl	\
	pmdp_119_n.ncl	\
	pmdp_119_r.ncl	\
	pmdp_120_n.ncl	\
	pmdp_120_r.ncl	\
	pmdp_121_n.ncl	\
	pmdp_121_r.ncl	\
	pmdp_122_n.ncl	\
	pmdp_122_r.ncl	\
	pmdp_123_n.ncl	\
	pmdp_123_r.ncl	\
	pmdp_124_n.ncl	\
	pmdp_124_r.ncl	\
	pmdp_125_n.ncl	\
	pmdp_125_r.ncl	\
	pmdp_126_n.ncl	\
	pmdp_126_r.ncl	\
	pmdp_127_n.ncl	\
	pmdp_127_r.ncl	\
	pmdp_128_n.ncl	\
	pmdp_128_r.ncl	\
	pmdp_129_n.ncl	\
	pmdp_129_r.ncl	\
	pmdp_130_n.ncl	\
	pmdp_130_r.ncl	\
	pmdp_131_n.ncl	\
	pmdp_131_r.ncl	\
	pmdp_132_n.ncl	\
	pmdp_132_r.ncl	\
	pmdp_133_n.ncl	\
	pmdp_133_r.ncl	\
	pmdp_134_n.ncl	\
	pmdp_134_r.ncl	\
	pmdp_135_n.ncl	\
	pmdp_135_r.ncl	\
	pmdp_136_n.ncl	\
	pmdp_136_r.ncl	\
	pmdp_137_n.ncl	\
	pmdp_137_r.ncl	\
	pmdp_138_n.ncl	\
	pmdp_138_r.ncl	\
	pmdp_139_n.ncl	\
	pmdp_139_r.ncl	\
	pmdp_140_n.ncl	\
	pmdp_140_r.ncl	\
	pmdp_141_n.ncl	\
	pmdp_141_r.ncl	\
	pmdp_142_n.ncl	\
	pmdp_142_r.ncl	\
	pmdp_143_n.ncl	\
	pmdp_143_r.ncl	\
	pmdp_144_n.ncl	\
	pmdp_144_r.ncl	\
	pmdp_145_n.ncl	\
	pmdp_145_r.ncl	\
	pmdp_146_n.ncl	\
	pmdp_146_r.ncl	\
	pmdp_147_n.ncl	\
	pmdp_147_r.ncl	\
	pmdp_148_n.ncl	\
	pmdp_148_r.ncl	\
	pmdp_149_n.ncl	\
	pmdp_149_r.ncl	\
	pmdp_150_n.ncl	\
	pmdp_150_r.ncl	\
	pmdp_151_n.ncl	\
	pmdp_151_r.ncl	\
	pmdp_152_n.ncl	\
	pmdp_152_r.ncl	\
	pmdp_153_n.ncl	\
	pmdp_153_r.ncl	\
	pmdp_154_n.ncl	\
	pmdp_154_r.ncl	\
	pmdp_155_n.ncl	\
	pmdp_155_r.ncl	\
	pmdp_156_n.ncl	\
	pmdp_156_r.ncl	\
	pmdp_157_n.ncl	\
	pmdp_157_r.ncl	\
	pmdp_158_n.ncl	\
	pmdp_158_r.ncl	\
	pmdp_159_n.ncl	\
	pmdp_159_r.ncl	\
	pmdp_160_n.ncl	\
	pmdp_160_r.ncl	\
	pmdp_161_n.ncl	\
	pmdp_161_r.ncl	\
	pmdp_162_n.ncl	\
	pmdp_162_r.ncl	\
	pmdp_163_n.ncl	\
	pmdp_163_r.ncl	\
	pmdp_164_n.ncl	\
	pmdp_164_r.ncl	\
	pmdp_165_n.ncl	\
	pmdp_165_r.ncl	\
	pmdp_166_n.ncl	\
	pmdp_166_r.ncl	\
	pmdp_167_n.ncl	\
	pmdp_167_r.ncl	\
	pmdp_168_n.ncl	\
	pmdp_168_r.ncl	\
	pmdp_169_n.ncl	\
	pmdp_169_r.ncl	\
	pmdp_170_n.ncl	\
	pmdp_170_r.ncl	\
	pmdp_171_n.ncl	\
	pmdp_171_r.ncl	\
	pmdp_172_n.ncl	\
	pmdp_172_r.ncl	\
	pmdp_173_n.ncl	\
	pmdp_173_r.ncl	\
	pmdp_174_n.ncl	\
	pmdp_174_r.ncl	\
	pmdp_175_n.ncl	\
	pmdp_175_r.ncl	\
	pmdp_176_n.ncl	\
	pmdp_176_r.ncl	\
	pmdp_177_n.ncl	\
	pmdp_177_r.ncl	\
	pmdp_178_n.ncl	\
	pmdp_178_r.ncl	\
	pmdp_179_n.ncl	\
	pmdp_179_r.ncl	\
	pmdp_180_n.ncl	\
	pmdp_180_r.ncl	\
	pmdp_181_n.ncl	\
	pmdp_181_r.ncl	\
	pmdp_182_n.ncl	\
	pmdp_182_r.ncl	\
	pmdp_183_n.ncl	\
	pmdp_183_r.ncl	\
	pmdp_184_n.ncl	\
	pmdp_184_r.ncl	\
	pmdp_185_n.ncl	\
	pmdp_185_r.ncl	\
	pmdp_186_n.ncl	\
	pmdp_186_r.ncl	\
	pmdp_187_n.ncl	\
	pmdp_187_r.ncl	\
	pmdp_188_n.ncl	\
	pmdp_188_r.ncl	\
	pmdp_189_n.ncl	\
	pmdp_189_r.ncl	\
	pmdp_190_n.ncl	\
	pmdp_190_r.ncl	\
	pmdp_191_n.ncl	\
	pmdp_191_r.ncl	\
	pmdp_192_n.ncl	\
	pmdp_192_r.ncl	\
	pmdp_193_n.ncl	\
	pmdp_193_r.ncl	\
	pmdp_194_n.ncl	\
	pmdp_194_r.ncl	\
	pmdp_195_n.ncl	\
	pmdp_195_r.ncl	\
	pmdp_196_n.ncl	\
	pmdp_196_r.ncl	\
	pmdp_197_n.ncl	\
	pmdp_197_r.ncl	\
	pmdp_198_n.ncl	\
	pmdp_198_r.ncl	\
	pmdp_199_n.ncl	\
	pmdp_199_r.ncl	\
	pmdp_200_n.ncl	\
	pmdp_200_r.ncl	\
	pmdp_201_n.ncl	\
	pmdp_201_r.ncl	\
	pmdp_202_n.ncl	\
	pmdp_202_r.ncl	\
	pmdp_203_n.ncl	\
	pmdp_203_r.ncl	\
	pmdp_204_n.ncl	\
	pmdp_204_r.ncl	\
	pmdp_205_n.ncl	\
	pmdp_205_r.ncl	\
	pmdp_206_n.ncl	\
	pmdp_206_r.ncl	\
	pmdp_207_n.ncl	\
	pmdp_207_r.ncl	\
	pmdp_208_n.ncl	\
	pmdp_208_r.ncl	\
	pmdp_209_n.ncl	\
	pmdp_209_r.ncl	\
	pmdp_210_n.ncl	\
	pmdp_210_r.ncl	\
	pmdp_211_n.ncl	\
	pmdp_211_r.ncl	\
	pmdp_212_n.ncl	\
	pmdp_212_r.ncl	\
	pmdp_213_n.ncl	\
	pmdp_213_r.ncl	\
	pmdp_214_n.ncl	\
	pmdp_214_r.ncl	\
	pmdp_215_n.ncl	\
	pmdp_215_r.ncl	\
	pmdp_216_n.ncl	\
	pmdp_216_r.ncl	\
	pmdp_217_n.ncl	\
	pmdp_217_r.ncl	\
	pmdp_218_n.ncl	\
	pmdp_218_r.ncl	\
	pmdp_219_n.ncl	\
	pmdp_219_r.ncl	\
	pmdp_220_n.ncl	\
	pmdp_220_r.ncl	\
	pmdp_221_n.ncl	\
	pmdp_221_r.ncl	\
	pmdp_222_n.ncl	\
	pmdp_222_r.ncl	\
	pmdp_223_n.ncl	\
	pmdp_223_r.ncl	\
	pmdp_224_n.ncl	\
	pmdp_224_r.ncl	\
	pmdp_225_n.ncl	\
	pmdp_225_r.ncl	\
	pmdp_226_n.ncl	\
	pmdp_226_r.ncl	\
	pmdp_227_n.ncl	\
	pmdp_227_r.ncl	\
	pmdp_228_n.ncl	\
	pmdp_228_r.ncl	\
	pmdp_229_n.ncl	\
	pmdp_229_r.ncl	\
	pmdp_230_n.ncl	\
	pmdp_230_r.ncl	\
	pmdp_231_n.ncl	\
	pmdp_231_r.ncl	\
	pmdp_232_n.ncl	\
	pmdp_232_r.ncl	\
	pmdp_233_n.ncl	\
	pmdp_233_r.ncl	\
	pmdp_234_n.ncl	\
	pmdp_234_r.ncl	\
	pmdp_235_n.ncl	\
	pmdp_235_r.ncl	\
	pmdp_236_n.ncl	\
	pmdp_236_r.ncl	\
	pmdp_237_n.ncl	\
	pmdp_237_r.ncl	\
	pmdp_238_n.ncl	\
	pmdp_238_r.ncl	\
	pmdp_239_n.ncl	\
	pmdp_239_r.ncl	\
	pmdp_240_n.ncl	\
	pmdp_240_r.ncl	\
	pmdp_241_n.ncl	\
	pmdp_241_r.ncl	\
	pmdp_242_n.ncl	\
	pmdp_242_r.ncl	\
	pmdp_243_n.ncl	\
	pmdp_243_r.ncl	\
	pmdp_244_n.ncl	\
	pmdp_244_r.ncl	\
	pmdp_245_n.ncl	\
	pmdp_245_r.ncl	\
	pmdp_246_n.ncl	\
	pmdp_246_r.ncl	\
	pmdp_247_n.ncl	\
	pmdp_247_r.ncl	\
	pmdp_248_n.ncl	\
	pmdp_248_r.ncl	\
	pmdp_249_n.ncl	\
	pmdp_249_r.ncl	\
	pmdp_250_n.ncl	\
	pmdp_250_r.ncl	\
	pmdp_251_n.ncl	\
	pmdp_251_r.ncl	\
	pmdp_252_n.ncl	\
	pmdp_252_r.ncl	\
	pmdp_253_n.ncl	\
	pmdp_253_r.ncl	\
	pmdp_254_n.ncl	\
	pmdp_254_r.ncl	\
	pmdp_255_n.ncl	\
	pmdp_255_r.ncl	\
	pmdp_256_n.ncl	\
	pmdp_256_r.ncl	\
	pmdp_257_n.ncl	\
	pmdp_257_r.ncl	\
	pmdp_258_n.ncl	\
	pmdp_258_r.ncl	\
	pmdp_259_n.ncl	\
	pmdp_259_r.ncl	\
	pmdp_260_n.ncl	\
	pmdp_260_r.ncl	\
	pmdp_261_n.ncl	\
	pmdp_261_r.ncl	\
	pmdp_262_n.ncl	\
	pmdp_262_r.ncl	\
	pmdp_263_n.ncl	\
	pmdp_263_r.ncl	\
	pmdp_264_n.ncl	\
	pmdp_264_r.ncl	\
	pmdp_265_n.ncl	\
	pmdp_265_r.ncl	\
	pmdp_266_n.ncl	\
	pmdp_266_r.ncl	\
	pmdp_267_n.ncl	\
	pmdp_267_r.ncl	\
	pmdp_268_n.ncl	\
	pmdp_268_r.ncl	\
	pmdp_269_n.ncl	\
	pmdp_269_r.ncl	\
	pmdp_270_n.ncl	\
	pmdp_270_r.ncl	\
	pmdp_271_n.ncl	\
	pmdp_271_r.ncl	\
	pmdp_272_n.ncl	\
	pmdp_272_r.ncl	\
	pmdp_273_n.ncl	\
	pmdp_273_r.ncl	\
	pmdp_274_n.ncl	\
	pmdp_274_r.ncl	\
	pmdp_275_n.ncl	\
	pmdp_275_r.ncl	\
	pmdp_276_n.ncl	\
	pmdp_276_r.ncl	\
	pmdp_277_n.ncl	\
	pmdp_277_r.ncl	\
	pmdp_278_n.ncl	\
	pmdp_278_r.ncl	\
	pmdp_279_n.ncl	\
	pmdp_279_r.ncl	\
	pmdp_280_n.ncl	\
	pmdp_280_r.ncl	\
	pmdp_281_n.ncl	\
	pmdp_281_r.ncl	\
	pmdp_282_n.ncl	\
	pmdp_282_r.ncl	\
	pmdp_283_n.ncl	\
	pmdp_283_r.ncl	\
	pmdp_284_n.ncl	\
	pmdp_284_r.ncl	\
	pmdp_285_n.ncl	\
	pmdp_285_r.ncl	\
	pmdp_286_n.ncl	\
	pmdp_286_r.ncl	\
	pmdp_287_n.ncl	\
	pmdp_287_r.ncl	\
	pmdp_288_n.ncl	\
	pmdp_288_r.ncl	\
	pmdp_289_n.ncl	\
	pmdp_289_r.ncl	\
	pmdp_290_n.ncl	\
	pmdp_290_r.ncl	\
	pmdp_291_n.ncl	\
	pmdp_291_r.ncl	\
	pmdp_292_n.ncl	\
	pmdp_292_r.ncl	\
	pmdp_293_n.ncl	\
	pmdp_293_r.ncl	\
	pmdp_294_n.ncl	\
	pmdp_294_r.ncl	\
	pmdp_295_n.ncl	\
	pmdp_295_r.ncl	\
	pmdp_296_n.ncl	\
	pmdp_296_r.ncl	\
	pmdp_297_n.ncl	\
	pmdp_297_r.ncl	\
	pmdp_298_n.ncl	\
	pmdp_298_r.ncl	\
	pmdp_299_n.ncl	\
	pmdp_299_r.ncl	\
	pmdp_300_n.ncl	\
	pmdp_300_r.ncl	\
	pmdp_301_n.ncl	\
	pmdp_301_r.ncl	\
	pmdp_302_n.ncl	\
	pmdp_302_r.ncl	\
	pmdp_303_n.ncl	\
	pmdp_303_r.ncl	\
	pmdp_304_n.ncl	\
	pmdp_304_r.ncl	\
	pmdp_305_n.ncl	\
	pmdp_305_r.ncl	\
	pmdp_306_n.ncl	\
	pmdp_306_r.ncl	\
	pmdp_307_n.ncl	\
	pmdp_307_r.ncl	\
	pmdp_308_n.ncl	\
	pmdp_308_r.ncl	\
	pmdp_309_n.ncl	\
	pmdp_309_r.ncl	\
	pmdp_310_n.ncl	\
	pmdp_310_r.ncl	\
	pmdp_311_n.ncl	\
	pmdp_311_r.ncl	\
	pmdp_312_n.ncl	\
	pmdp_312_r.ncl	\
	pmdp_313_n.ncl	\
	pmdp_313_r.ncl	\
	pmdp_314_n.ncl	\
	pmdp_314_r.ncl	\
	pmdp_315_n.ncl	\
	pmdp_315_r.ncl	\
	pmdp_316_n.ncl	\
	pmdp_316_r.ncl	\
	pmdp_317_n.ncl	\
	pmdp_317_r.ncl	\
	pmdp_318_n.ncl	\
	pmdp_318_r.ncl	\
	pmdp_319_n.ncl	\
	pmdp_319_r.ncl	\
	pmdp_320_n.ncl	\
	pmdp_320_r.ncl	\
	pmdp_321_n.ncl	\
	pmdp_321_r.ncl	\
	pmdp_322_n.ncl	\
	pmdp_322_r.ncl	\
	pmdp_323_n.ncl	\
	pmdp_323_r.ncl	\
	pmdp_324_n.ncl	\
	pmdp_324_r.ncl	\
	pmdp_325_n.ncl	\
	pmdp_325_r.ncl	\
	pmdp_326_n.ncl	\
	pmdp_326_r.ncl	\
	pmdp_327_n.ncl	\
	pmdp_327_r.ncl	\
	pmdp_328_n.ncl	\
	pmdp_328_r.ncl	\
	pmdp_329_n.ncl	\
	pmdp_329_r.ncl	\
	pmdp_330_n.ncl	\
	pmdp_330_r.ncl	\
	pmdp_331_n.ncl	\
	pmdp_331_r.ncl	\
	pmdp_332_n.ncl	\
	pmdp_332_r.ncl	\
	pmdp_333_n.ncl	\
	pmdp_333_r.ncl	\
	pmdp_334_n.ncl	\
	pmdp_334_r.ncl	\
	pmdp_335_n.ncl	\
	pmdp_335_r.ncl	\
	pmdp_336_n.ncl	\
	pmdp_336_r.ncl	\
	pmdp_337_n.ncl	\
	pmdp_337_r.ncl	\
	pmdp_338_n.ncl	\
	pmdp_338_r.ncl	\
	pmdp_339_n.ncl	\
	pmdp_339_r.ncl	\
	pmdp_340_n.ncl	\
	pmdp_340_r.ncl	\
	pmdp_341_n.ncl	\
	pmdp_341_r.ncl	\
	pmdp_342_n.ncl	\
	pmdp_342_r.ncl	\
	pmdp_343_n.ncl	\
	pmdp_343_r.ncl	\
	pmdp_344_n.ncl	\
	pmdp_344_r.ncl	\
	pmdp_345_n.ncl	\
	pmdp_345_r.ncl	\
	pmdp_346_n.ncl	\
	pmdp_346_r.ncl	\
	pmdp_347_n.ncl	\
	pmdp_347_r.ncl	\
	pmdp_348_n.ncl	\
	pmdp_348_r.ncl	\
	pmdp_349_n.ncl	\
	pmdp_349_r.ncl	\
	pmdp_350_n.ncl	\
	pmdp_350_r.ncl	\
	pmdp_351_n.ncl	\
	pmdp_351_r.ncl	\
	pmdp_352_n.ncl	\
	pmdp_352_r.ncl	\
	pmdp_353_n.ncl	\
	pmdp_353_r.ncl	\
	pmdp_354_n.ncl	\
	pmdp_354_r.ncl	\
	pmdp_355_n.ncl	\
	pmdp_355_r.ncl	\
	pmdp_356_n.ncl	\
	pmdp_356_r.ncl	\
	pmdp_357_n.ncl	\
	pmdp_357_r.ncl	\
	pmdp_358_n.ncl	\
	pmdp_358_r.ncl	\
	pmdp_359_n.ncl	\
	pmdp_359_r.ncl	\
	pmdp_360_n.ncl	\
	pmdp_360_r.ncl	\
	pmdp_361_n.ncl	\
	pmdp_361_r.ncl	\
	pmdp_362_n.ncl	\
	pmdp_362_r.ncl	\
	pmdp_363_n.ncl	\
	pmdp_363_r.ncl	\
	pmdp_364_n.ncl	\
	pmdp_364_r.ncl	\
	pmdp_365_n.ncl	\
	pmdp_365_r.ncl	\
	pmdp_366_n.ncl	\
	pmdp_366_r.ncl	\
	pmdp_367_n.ncl	\
	pmdp_367_r.ncl	\
	pmdp_368_n.ncl	\
	pmdp_368_r.ncl	\
	pmdp_369_n.ncl	\
	pmdp_369_r.ncl	\
	pmdp_370_n.ncl	\
	pmdp_370_r.ncl	\
	pmdp_371_n.ncl	\
	pmdp_371_r.ncl	\
	pmdp_372_n.ncl	\
	pmdp_372_r.ncl	\
	pmdp_373_n.ncl	\
	pmdp_373_r.ncl	\
	pmdp_374_n.ncl	\
	pmdp_374_r.ncl	\
	pmdp_375_n.ncl	\
	pmdp_375_r.ncl	\
	pmdp_376_n.ncl	\
	pmdp_376_r.ncl	\
	pmdp_377_n.ncl	\
	pmdp_377_r.ncl	\
	pmdp_378_n.ncl	\
	pmdp_378_r.ncl	\
	pmdp_379_n.ncl	\
	pmdp_379_r.ncl	\
	pmdp_380_n.ncl	\
	pmdp_380_r.ncl	\
	pmdp_381_n.ncl	\
	pmdp_381_r.ncl	\
	pmdp_382_n.ncl	\
	pmdp_382_r.ncl	\
	pmdp_383_n.ncl	\
	pmdp_383_r.ncl	\
	pmdp_384_n.ncl	\
	pmdp_384_r.ncl	\
	pmdp_385_n.ncl	\
	pmdp_385_r.ncl	\
	pmdp_386_n.ncl	\
	pmdp_386_r.ncl	\
	pmdp_412_n.ncl	\
	pmdp_412_r.ncl	\
	pmdp_413_n.ncl	\
	pmdp_413_r.ncl	\
	pmdp_414_n.ncl	\
	pmdp_414_r.ncl	\
	pmdp_415_n.ncl	\
	pmdp_415_r.ncl	\
	pmdp_416_n.ncl	\
	pmdp_416_r.ncl	\
	pmdp_417_n.ncl	\
	pmdp_417_r.ncl	\
	pmdp_418_n.ncl	\
	pmdp_418_r.ncl	\
	pmdp_419_n.ncl	\
	pmdp_419_r.ncl	\
	pmdp_420_n.ncl	\
	pmdp_420_r.ncl	\
	pmdp_421_n.ncl	\
	pmdp_422_n.ncl	\
	pmdp_423_n.ncl	\
	pmdp_424_n.ncl	\
	pmdp_425_n.ncl	\
	pmdp_426_n.ncl	
