"zkn_height.dat"
"zkn_gram.dat"
"zkn_form.dat"
"zkn_height_scale_girl.dat"
"zkn_height_scale_girl_poke.dat"
"zkn_height_scale_man.dat"
"zkn_height_scale_man_poke.dat"
"zkn_height_y_girl.dat"
"zkn_height_y_girl_poke.dat"
"zkn_height_y_man.dat"
"zkn_height_y_man_poke.dat"
"zkn_sort_zenkoku.dat"
"zkn_sort_shinoh.dat"
"zkn_sort_aiueo.dat"
"zkn_sort_hevy.dat"
"zkn_sort_light.dat"
"zkn_sort_tall.dat"
"zkn_sort_short.dat"
"zkn_sort_a.dat"
"zkn_sort_ka.dat"
"zkn_sort_sa.dat"
"zkn_sort_ta.dat"
"zkn_sort_na.dat"
"zkn_sort_ha.dat"
"zkn_sort_ma.dat"
"zkn_sort_ra.dat"
"zkn_sort_yawa.dat"
"zkn_sort_normal.dat"
"zkn_sort_battle.dat"
"zkn_sort_hikou.dat"
"zkn_sort_poison.dat"
"zkn_sort_jimen.dat"
"zkn_sort_iwa.dat"
"zkn_sort_mushi.dat"
"zkn_sort_ghost.dat"
"zkn_sort_metal.dat"
"zkn_sort_fire.dat"
"zkn_sort_water.dat"
"zkn_sort_kusa.dat"
"zkn_sort_electric.dat"
"zkn_sort_sp.dat"
"zkn_sort_koori.dat"
"zkn_sort_dragon.dat"
"zkn_sort_aku.dat"
"zkn_sort_fm_fourlegs.dat"
"zkn_sort_fm_twolegs.dat"
"zkn_sort_fm_tail.dat"
"zkn_sort_fm_harabai.dat"
"zkn_sort_fm_fourwing.dat"
"zkn_sort_fm_twowing.dat"
"zkn_sort_fm_haitsukubari.dat"
"zkn_sort_fm_straight.dat"
"zkn_sort_fm_arm.dat"
"zkn_sort_fm_legs.dat"
"zkn_sort_fm_maynlegs.dat"
"zkn_sort_fm_water.dat"
"zkn_sort_fm_circle.dat"
"zkn_sort_fm_comp.dat"
