"p_ball_effect.spa"
"p_ball_01.spa"
"p_ball_02.spa"
"p_ball_03.spa"
"p_ball_04.spa"
"p_ball_05.spa"
"p_ball_06.spa"
"p_ball_07.spa"
"p_ball_08.spa"
"p_ball_09.spa"
"p_ball_10.spa"
"p_ball_11.spa"
"p_ball_12.spa"
"p_ball_13.spa"
"p_ball_14.spa"
"p_ball_15.spa"
"p_ball_16.spa"
"p_ball_17.spa"
"p_get_effect.spa"
"p_get_01.spa"
"p_get_02.spa"
"p_get_03.spa"
"p_get_04.spa"
"p_get_05.spa"
"p_get_06.spa"
"p_get_07.spa"
"p_get_08.spa"
"p_get_09.spa"
"p_get_10.spa"
"p_get_11.spa"
"p_get_12.spa"
"p_get_13.spa"
"p_get_14.spa"
"p_get_15.spa"
"p_get_16.spa"
"p_get_17.spa"
"p_back.spa"
"p_cb_hart01.spa"
"p_cb_hart02.spa"
"p_cb_hart03.spa"
"p_cb_hart04.spa"
"p_cb_hart05.spa"
"p_cb_hart06.spa"
"p_cb_star01.spa"
"p_cb_star02.spa"
"p_cb_star03.spa"
"p_cb_star04.spa"
"p_cb_star05.spa"
"p_cb_star06.spa"
"p_cb_line01.spa"
"p_cb_line02.spa"
"p_cb_line03.spa"
"p_cb_line04.spa"
"p_cb_tunder01.spa"
"p_cb_tunder02.spa"
"p_cb_tunder03.spa"
"p_cb_tunder04.spa"
"p_cb_kemuri01.spa"
"p_cb_kemuri02.spa"
"p_cb_kemuri03.spa"
"p_cb_kemuri04.spa"
"p_cb_ball01.spa"
"p_cb_ball02.spa"
"p_cb_ball03.spa"
"p_cb_ball04.spa"
"p_cb_fire01.spa"
"p_cb_fire02.spa"
"p_cb_fire03.spa"
"p_cb_fire04.spa"
"p_cb_paper01.spa"
"p_cb_paper02.spa"
"p_cb_paper03.spa"
"p_cb_paper04.spa"
"p_cb_hana01.spa"
"p_cb_hana02.spa"
"p_cb_hana03.spa"
"p_cb_hana04.spa"
"p_cb_hana05.spa"
"p_cb_hana06.spa"
"p_cb_onpu01.spa"
"p_cb_onpu02.spa"
"p_cb_onpu03.spa"
"p_cb_onpu04.spa"
"p_cb_onpu05.spa"
"p_cb_onpu06.spa"
"p_cb_onpu07.spa"
"p_cb_alpha_a.spa"
"p_cb_alpha_b.spa"
"p_cb_alpha_c.spa"
"p_cb_alpha_d.spa"
"p_cb_alpha_e.spa"
"p_cb_alpha_f.spa"
"p_cb_alpha_g.spa"
"p_cb_alpha_h.spa"
"p_cb_alpha_i.spa"
"p_cb_alpha_j.spa"
"p_cb_alpha_k.spa"
"p_cb_alpha_l.spa"
"p_cb_alpha_m.spa"
"p_cb_alpha_n.spa"
"p_cb_alpha_o.spa"
"p_cb_alpha_p.spa"
"p_cb_alpha_q.spa"
"p_cb_alpha_r.spa"
"p_cb_alpha_s.spa"
"p_cb_alpha_t.spa"
"p_cb_alpha_u.spa"
"p_cb_alpha_v.spa"
"p_cb_alpha_w.spa"
"p_cb_alpha_x.spa"
"p_cb_alpha_y.spa"
"p_cb_alpha_z.spa"
"p_cb_alpha_mark01.spa"
"p_cb_alpha_mark02.spa"
"p_cb_sp_01.spa"
"p_cb_sp_02.spa"
"p_cb_sp_03.spa"
