"w_hit_01.spa"
"w_hit_02.spa"
"level.spa"
"p_ec_001.spa"
"p_ec_002.spa"
"p_ec_001_1.spa"
"p_ec_001_2.spa"
"p_ec_002_1.spa"
"p_ec_002_2.spa"
"p_ec_003_1.spa"
"p_ec_003_2.spa"
"p_ec_004_1.spa"
"p_ec_004_2.spa"
"p_ec_005_1.spa"
"p_ec_005_2.spa"
"p_ec_006_1.spa"
"p_ec_006_2.spa"
"p_ec_007_1.spa"
"p_ec_007_2.spa"
"p_ec_008_1.spa"
"p_ec_008_2.spa"
"p_ec_009_1.spa"
"p_ec_009_2.spa"
"p_ec_010_1.spa"
"p_ec_010_2.spa"
"p_ec_011_1.spa"
"p_ec_011_2.spa"
"status_eff.spa"
"item_eff.spa"
"weather_eff.spa"
"turn_damage.spa"
"w_001.spa"
"w_002.spa"
"w_003.spa"
"w_004.spa"
"w_005.spa"
"w_006.spa"
"w_007.spa"
"w_008.spa"
"w_009.spa"
"w_010.spa"
"w_011.spa"
"w_012.spa"
"w_013.spa"
"w_014.spa"
"w_015.spa"
"w_016.spa"
"w_017.spa"
"w_018.spa"
"w_019.spa"
"w_020.spa"
"w_021.spa"
"w_022.spa"
"w_023.spa"
"w_024.spa"
"w_025.spa"
"w_026.spa"
"w_027.spa"
"w_028.spa"
"w_029.spa"
"w_030.spa"
"w_031.spa"
"w_032.spa"
"w_033.spa"
"w_034.spa"
"w_035.spa"
"w_036.spa"
"w_037.spa"
"w_038.spa"
"w_039.spa"
"w_040.spa"
"w_041.spa"
"w_042.spa"
"w_043.spa"
"w_044.spa"
"w_045.spa"
"w_046.spa"
"w_047.spa"
"w_048.spa"
"w_049.spa"
"w_050.spa"
"w_051.spa"
"w_052.spa"
"w_053.spa"
"w_054.spa"
"w_055.spa"
"w_056.spa"
"w_057.spa"
"w_058.spa"
"w_059.spa"
"w_060.spa"
"w_061.spa"
"w_062.spa"
"w_063.spa"
"w_064.spa"
"w_065.spa"
"w_066.spa"
"w_067.spa"
"w_068.spa"
"w_069.spa"
"w_070.spa"
"w_071.spa"
"w_072.spa"
"w_073.spa"
"w_074.spa"
"w_075.spa"
"w_076.spa"
"w_077.spa"
"w_078.spa"
"w_079.spa"
"w_080.spa"
"w_081.spa"
"w_082.spa"
"w_083.spa"
"w_084.spa"
"w_085.spa"
"w_086.spa"
"w_087.spa"
"w_088.spa"
"w_089.spa"
"w_090.spa"
"w_091.spa"
"w_092.spa"
"w_093.spa"
"w_094.spa"
"w_095.spa"
"w_097.spa"
"w_098.spa"
"w_099.spa"
"w_100.spa"
"w_102.spa"
"w_103.spa"
"w_105.spa"
"w_106.spa"
"w_108.spa"
"w_109.spa"
"w_110.spa"
"w_111.spa"
"w_112.spa"
"w_113.spa"
"w_114.spa"
"w_115.spa"
"w_116.spa"
"w_117.spa"
"w_120.spa"
"w_121.spa"
"w_122.spa"
"w_123.spa"
"w_124.spa"
"w_125.spa"
"w_126.spa"
"w_127.spa"
"w_128.spa"
"w_129.spa"
"w_130.spa"
"w_131.spa"
"w_132.spa"
"w_133.spa"
"w_135.spa"
"w_136.spa"
"w_137.spa"
"w_138.spa"
"w_139.spa"
"w_140.spa"
"w_141.spa"
"w_142.spa"
"w_143.spa"
"w_145.spa"
"w_146.spa"
"w_147.spa"
"w_149.spa"
"w_150.spa"
"w_151.spa"
"w_152.spa"
"w_153.spa"
"w_154.spa"
"w_156.spa"
"w_157.spa"
"w_158.spa"
"w_159.spa"
"w_160.spa"
"w_161.spa"
"w_162.spa"
"w_163.spa"
"w_164.spa"
"w_165.spa"
"w_166.spa"
"w_167.spa"
"w_168.spa"
"w_169.spa"
"w_170.spa"
"w_172.spa"
"w_173.spa"
"w_174.spa"
"w_175.spa"
"w_176.spa"
"w_177.spa"
"w_178.spa"
"w_179.spa"
"w_180.spa"
"w_181.spa"
"w_182.spa"
"w_183.spa"
"w_184.spa"
"w_185.spa"
"w_186.spa"
"w_187.spa"
"w_188.spa"
"w_189.spa"
"w_190.spa"
"w_191.spa"
"w_192.spa"
"w_193.spa"
"w_194.spa"
"w_195.spa"
"w_196.spa"
"w_197.spa"
"w_198.spa"
"w_200.spa"
"w_201.spa"
"w_202.spa"
"w_203.spa"
"w_204.spa"
"w_205.spa"
"w_206.spa"
"w_207.spa"
"w_208.spa"
"w_209.spa"
"w_210.spa"
"w_211.spa"
"w_213.spa"
"w_214.spa"
"w_215.spa"
"w_216.spa"
"w_217.spa"
"w_218.spa"
"w_219.spa"
"w_220.spa"
"w_221.spa"
"w_222.spa"
"w_223.spa"
"w_224.spa"
"w_225.spa"
"w_226.spa"
"w_227.spa"
"w_228.spa"
"w_229.spa"
"w_230.spa"
"w_231.spa"
"w_232.spa"
"w_233.spa"
"w_234.spa"
"w_235.spa"
"w_236.spa"
"w_237.spa"
"w_238.spa"
"w_239.spa"
"w_240.spa"
"w_241.spa"
"w_242.spa"
"w_243.spa"
"w_244.spa"
"w_245.spa"
"w_246.spa"
"w_247.spa"
"w_248.spa"
"w_249.spa"
"w_250.spa"
"w_251.spa"
"w_252.spa"
"w_253.spa"
"w_254.spa"
"w_255.spa"
"w_256.spa"
"w_257.spa"
"w_258.spa"
"w_259.spa"
"w_260.spa"
"w_261.spa"
"w_262.spa"
"w_263.spa"
"w_264.spa"
"w_265.spa"
"w_266.spa"
"w_267.spa"
"w_268.spa"
"w_269.spa"
"w_270.spa"
"w_271.spa"
"w_272.spa"
"w_273.spa"
"w_274.spa"
"w_275.spa"
"w_276.spa"
"w_277.spa"
"w_278.spa"
"w_279.spa"
"w_280.spa"
"w_281.spa"
"w_282.spa"
"w_283.spa"
"w_284.spa"
"w_285.spa"
"w_286.spa"
"w_287.spa"
"w_288.spa"
"w_289.spa"
"w_290.spa"
"w_291.spa"
"w_292.spa"
"w_293.spa"
"w_294.spa"
"w_295.spa"
"w_296.spa"
"w_297.spa"
"w_298.spa"
"w_299.spa"
"w_300.spa"
"w_301.spa"
"w_302.spa"
"w_303.spa"
"w_304.spa"
"w_305.spa"
"w_306.spa"
"w_307.spa"
"w_308.spa"
"w_309.spa"
"w_310.spa"
"w_311.spa"
"w_312.spa"
"w_313.spa"
"w_314.spa"
"w_315.spa"
"w_316.spa"
"w_317.spa"
"w_318.spa"
"w_319.spa"
"w_320.spa"
"w_321.spa"
"w_322.spa"
"w_323.spa"
"w_324.spa"
"w_325.spa"
"w_326.spa"
"w_327.spa"
"w_328.spa"
"w_329.spa"
"w_330.spa"
"w_331.spa"
"w_332.spa"
"w_333.spa"
"w_334.spa"
"w_335.spa"
"w_336.spa"
"w_337.spa"
"w_338.spa"
"w_339.spa"
"w_340.spa"
"w_341.spa"
"w_342.spa"
"w_343.spa"
"w_344.spa"
"w_345.spa"
"w_346.spa"
"w_347.spa"
"w_348.spa"
"w_349.spa"
"w_350.spa"
"w_351.spa"
"w_352.spa"
"w_353.spa"
"w_354.spa"
"w_355.spa"
"w_356.spa"
"w_357.spa"
"w_358.spa"
"w_359.spa"
"w_360.spa"
"w_361.spa"
"w_362.spa"
"w_363.spa"
"w_364.spa"
"w_365.spa"
"w_366.spa"
"w_367.spa"
"w_368.spa"
"w_369.spa"
"w_370.spa"
"w_371.spa"
"w_372.spa"
"w_373.spa"
"w_374.spa"
"w_375.spa"
"w_376.spa"
"w_377.spa"
"w_378.spa"
"w_379.spa"
"w_380.spa"
"w_381.spa"
"w_382.spa"
"w_383.spa"
"w_384.spa"
"w_385.spa"
"w_386.spa"
"w_387.spa"
"w_388.spa"
"w_389.spa"
"w_390.spa"
"w_391.spa"
"w_392.spa"
"w_393.spa"
"w_394.spa"
"w_395.spa"
"w_396.spa"
"w_397.spa"
"w_398.spa"
"w_399.spa"
"w_400.spa"
"w_401.spa"
"w_402.spa"
"w_403.spa"
"w_404.spa"
"w_405.spa"
"w_406.spa"
"w_407.spa"
"w_408.spa"
"w_409.spa"
"w_410.spa"
"w_411.spa"
"w_412.spa"
"w_413.spa"
"w_414.spa"
"w_415.spa"
"w_416.spa"
"w_417.spa"
"w_418.spa"
"w_419.spa"
"w_420.spa"
"w_421.spa"
"w_422.spa"
"w_423.spa"
"w_424.spa"
"w_425.spa"
"w_426.spa"
"w_427.spa"
"w_428.spa"
"w_429.spa"
"w_430.spa"
"w_431.spa"
"w_432.spa"
"w_433.spa"
"w_434.spa"
"w_435.spa"
"w_436.spa"
"w_437.spa"
"w_438.spa"
"w_439.spa"
"w_440.spa"
"w_441.spa"
"w_442.spa"
"w_443.spa"
"w_444.spa"
"w_445.spa"
"w_446.spa"
"w_447.spa"
"w_448.spa"
"w_449.spa"
"w_450.spa"
"w_451.spa"
"w_452.spa"
"w_453.spa"
"w_454.spa"
"w_455.spa"
"w_456.spa"
"w_457.spa"
"w_458.spa"
"w_459.spa"
"w_460.spa"
"w_461.spa"
"w_462.spa"
"w_463.spa"
"w_464.spa"
"w_465.spa"
"w_466.spa"
"w_467.spa"
