1,"resource\effect_057.NCER"
1,"resource\effect_081.NCER"
1,"resource\effect_090.NCER"
1,"resource\effect_118.NCER"
1,"resource\effect_132.NCER"
1,"resource\effect_134.NCER"
1,"resource\effect_137.NCER"
1,"resource\effect_155.NCER"
1,"resource\effect_184.NCER"
1,"resource\effect_193.NCER"
1,"resource\effect_199.NCER"
1,"resource\effect_207.NCER"
1,"resource\effect_212.NCER"
1,"resource\effect_222.NCER"
1,"resource\effect_224a.NCER"
1,"resource\effect_224b.NCER"
1,"resource\effect_226.NCER"
1,"resource\effect_232.NCER"
1,"resource\effect_252.NCER"
1,"resource\effect_259.NCER"
1,"resource\effect_265.NCER"
1,"resource\effect_266.NCER"
1,"resource\effect_269.NCER"
1,"resource\effect_270.NCER"
1,"resource\effect_271.NCER"
1,"resource\effect_274.NCER"
1,"resource\effect_275.NCER"
1,"resource\effect_286.NCER"
1,"resource\effect_288.NCER"
1,"resource\effect_320.NCER"
1,"resource\effect_333.NCER"
1,"resource\item_oam.NCER"
1,"resource\steff_001.NCER"
1,"resource\steff_003.NCER"
1,"resource\steff_004.NCER"
1,"resource\steff_005.NCER"
1,"resource\steff_006.NCER"
