1,"resource\effect_057.NANR"
1,"resource\effect_081.NANR"
1,"resource\effect_090.NANR"
1,"resource\effect_118.NANR"
1,"resource\effect_132.NANR"
1,"resource\effect_134.NANR"
1,"resource\effect_137.NANR"
1,"resource\effect_155.NANR"
1,"resource\effect_184.NANR"
1,"resource\effect_193.NANR"
1,"resource\effect_199.NANR"
1,"resource\effect_207.NANR"
1,"resource\effect_212.NANR"
1,"resource\effect_222.NANR"
1,"resource\effect_224a.NANR"
1,"resource\effect_224b.NANR"
1,"resource\effect_226.NANR"
1,"resource\effect_232.NANR"
1,"resource\effect_252.NANR"
1,"resource\effect_259.NANR"
1,"resource\effect_265.NANR"
1,"resource\effect_266.NANR"
1,"resource\effect_269.NANR"
1,"resource\effect_270.NANR"
1,"resource\effect_271.NANR"
1,"resource\effect_274.NANR"
1,"resource\effect_275.NANR"
1,"resource\effect_286.NANR"
1,"resource\effect_288.NANR"
1,"resource\effect_320.NANR"
1,"resource\effect_333.NANR"
1,"resource\item_oam.NANR"
1,"resource\steff_001.NANR"
1,"resource\steff_003.NANR"
1,"resource\steff_004.NANR"
1,"resource\steff_005.NANR"
1,"resource\steff_006.NANR"
