1,"resource\effect_057.NCGR"
1,"resource\effect_081.NCGR"
1,"resource\effect_090.NCGR"
1,"resource\effect_118.NCGR"
1,"resource\effect_132.NCGR"
1,"resource\effect_134.NCGR"
1,"resource\effect_137.NCGR"
1,"resource\effect_155.NCGR"
1,"resource\effect_184.NCGR"
1,"resource\effect_193.NCGR"
1,"resource\effect_199.NCGR"
1,"resource\effect_207.NCGR"
1,"resource\effect_212.NCGR"
1,"resource\effect_222.NCGR"
1,"resource\effect_224a.NCGR"
1,"resource\effect_224b.NCGR"
1,"resource\effect_226.NCGR"
1,"resource\effect_232.NCGR"
1,"resource\effect_252.NCGR"
1,"resource\effect_259.NCGR"
1,"resource\effect_265.NCGR"
1,"resource\effect_266.NCGR"
1,"resource\effect_269.NCGR"
1,"resource\effect_270.NCGR"
1,"resource\effect_271.NCGR"
1,"resource\effect_274.NCGR"
1,"resource\effect_275.NCGR"
1,"resource\effect_286.NCGR"
1,"resource\effect_288.NCGR"
1,"resource\effect_320.NCGR"
1,"resource\effect_333.NCGR"
1,"resource\item_oam.NCGR"
1,"resource\steff_001.NCGR"
1,"resource\steff_003.NCGR"
1,"resource\steff_004.NCGR"
1,"resource\steff_005.NCGR"
1,"resource\steff_006.NCGR"
