0,"resource\effect_057.NCLR"
0,"resource\effect_081.NCLR"
0,"resource\effect_090.NCLR"
0,"resource\effect_118.NCLR"
0,"resource\effect_132.NCLR"
0,"resource\effect_134.NCLR"
0,"resource\effect_137.NCLR"
0,"resource\effect_155.NCLR"
0,"resource\effect_184.NCLR"
0,"resource\effect_193.NCLR"
0,"resource\effect_199.NCLR"
0,"resource\effect_207.NCLR"
0,"resource\effect_212.NCLR"
0,"resource\effect_222.NCLR"
0,"resource\effect_224.NCLR"
0,"resource\effect_226.NCLR"
0,"resource\effect_232.NCLR"
0,"resource\effect_252.NCLR"
0,"resource\effect_259.NCLR"
0,"resource\effect_265.NCLR"
0,"resource\effect_266.NCLR"
0,"resource\effect_269.NCLR"
0,"resource\effect_270.NCLR"
0,"resource\effect_271.NCLR"
0,"resource\effect_274.NCLR"
0,"resource\effect_275.NCLR"
0,"resource\effect_286.NCLR"
0,"resource\effect_288.NCLR"
0,"resource\effect_320.NCLR"
0,"resource\effect_330.NCLR"
0,"resource\effect_333.NCLR"
0,"resource\item_oam.NCLR"
0,"resource\steff_001.NCLR"
0,"resource\steff_003.NCLR"
0,"resource\steff_004.NCLR"
0,"resource\steff_005.NCLR"
0,"resource\steff_006.NCLR"
0,"resource\effect_306.NCLR"
0,"resource\effect_415.NCLR"
