1,"batt_bg\battle_bg.NCGR"
0,"batt_bg\battle_bg.NCLR"
1,"batt_bg\battle_bg.NSCR"
1,"batt_bg\battle_bg00.NSCR"
1,"batt_bg\battle_bg00.NCGR"
1,"batt_bg\battle_bg01.NCGR"
1,"batt_bg\battle_bg02.NCGR"
1,"batt_bg\battle_bg03.NCGR"
1,"batt_bg\battle_bg04.NCGR"
1,"batt_bg\battle_bg05.NCGR"
1,"batt_bg\battle_bg06.NCGR"
1,"batt_bg\battle_bg07.NCGR"
1,"batt_bg\battle_bg08.NCGR"
1,"batt_bg\battle_bg09.NCGR"
1,"batt_bg\battle_bg10.NCGR"
1,"batt_bg\battle_bg11.NCGR"
0,"batt_bg\batt_bg00_d.NCLR"
0,"batt_bg\batt_bg00_e.NCLR"
0,"batt_bg\batt_bg00_n.NCLR"
0,"batt_bg\batt_bg01_d.NCLR"
0,"batt_bg\batt_bg01_e.NCLR"
0,"batt_bg\batt_bg01_n.NCLR"
0,"batt_bg\batt_bg02_d.NCLR"
0,"batt_bg\batt_bg02_e.NCLR"
0,"batt_bg\batt_bg02_n.NCLR"
0,"batt_bg\batt_bg03_d.NCLR"
0,"batt_bg\batt_bg03_e.NCLR"
0,"batt_bg\batt_bg03_n.NCLR"
0,"batt_bg\batt_bg04_d.NCLR"
0,"batt_bg\batt_bg04_e.NCLR"
0,"batt_bg\batt_bg04_n.NCLR"
0,"batt_bg\batt_bg05_d.NCLR"
0,"batt_bg\batt_bg05_e.NCLR"
0,"batt_bg\batt_bg05_n.NCLR"
0,"batt_bg\batt_bg06_d.NCLR"
0,"batt_bg\batt_bg06_e.NCLR"
0,"batt_bg\batt_bg06_n.NCLR"
0,"batt_bg\batt_bg07_d.NCLR"
0,"batt_bg\batt_bg07_e.NCLR"
0,"batt_bg\batt_bg07_n.NCLR"
0,"batt_bg\batt_bg08_d.NCLR"
0,"batt_bg\batt_bg08_e.NCLR"
0,"batt_bg\batt_bg08_n.NCLR"
0,"batt_bg\batt_bg09_d.NCLR"
0,"batt_bg\batt_bg09_e.NCLR"
0,"batt_bg\batt_bg09_n.NCLR"
0,"batt_bg\batt_bg10_d.NCLR"
0,"batt_bg\batt_bg10_e.NCLR"
0,"batt_bg\batt_bg10_n.NCLR"
0,"batt_bg\batt_bg11_d.NCLR"
0,"batt_bg\batt_bg11_e.NCLR"
0,"batt_bg\batt_bg11_n.NCLR"
1,"batt_bg\battle_bg_skill.NCGR"
0,"batt_bg\battle_bg_skill.NCLR"
1,"batt_bg\battle_bg_skill.NSCR"
0,"batt_bg\battle_w.NCLR"
1,"batt_bg\battle_w.NCGR"
1,"batt_bg\battle_w_ani1.NCGR"
1,"batt_bg\battle_w_ani2.NCGR"
1,"batt_bg\battle_w2.NCGR"
1,"batt_bg\battle_w2_ani1.NCGR"
1,"batt_bg\battle_w2_ani2.NCGR"
1,"batt_bg\battle_w3.NCGR"
1,"batt_bg\battle_w3_ani1.NCGR"
1,"batt_bg\battle_w3_ani2.NCGR"
1,"batt_bg\battle_w_boy.NCGR"
0,"batt_bg\battle_w_boy.NCLR"
1,"batt_bg\battle_w_girl.NCGR"
0,"batt_bg\battle_w_girl.NCLR"
1,"batt_bg\battle_waza_w.NCGR"
1,"batt_bg\battle_wbg0a.NCGR"
1,"batt_bg\battle_wbg0a.NSCR"
1,"batt_bg\battle_wbg1a.NSCR"
1,"batt_bg\battle_wbg1b.NSCR"
1,"batt_bg\battle_wbg1c.NSCR"
1,"batt_bg\battle_wbg1d.NSCR"
1,"batt_bg\battle_wbg2a.NSCR"
1,"batt_bg\battle_wbg3a.NSCR"
1,"batt_bg\battle_wbg0b.NSCR"
1,"batt_bg\battle_w_type00.NCGR"
1,"batt_bg\battle_w_type01.NCGR"
0,"batt_bg\poke_screen_n.NSCR"
0,"batt_bg\poke_screen_f.NSCR"
0,"batt_bg\poke_screen_n_512.NSCR"
0,"batt_bg\poke_screen_f_512.NSCR"
0,"batt_bg\battle_w_ani.NCLR"
1,"batt_bg\effect_bg01.NCGR"
0,"batt_bg\effect_bg01.NCLR"
1,"batt_bg\effect_bg01.NSCR"
1,"batt_bg\state_down.NCGR"
0,"batt_bg\state_down.NCLR"
1,"batt_bg\state_down.NSCR"
1,"batt_bg\state_heal.NCGR"
0,"batt_bg\state_heal.NCLR"
1,"batt_bg\state_heal.NSCR"
1,"batt_bg\state_metal.NCGR"
0,"batt_bg\state_metal.NCLR"
1,"batt_bg\state_metal.NSCR"
1,"batt_bg\state_up.NCGR"
0,"batt_bg\state_up.NCLR"
1,"batt_bg\state_up.NSCR"
1,"batt_bg\bg_025_fireworks1.NSCR"
1,"batt_bg\bg_025_fireworks2.NSCR"
1,"batt_bg\bg_025_fireworks3.NSCR"
1,"batt_bg\bg_025_fireworks.NCGR"
0,"batt_bg\bg_025_fireworks.NCLR"
1,"batt_bg\bg_038_bashishi1.NSCR"
1,"batt_bg\bg_038_bashishi2.NSCR"
1,"batt_bg\bg_038_bashishi3.NSCR"
1,"batt_bg\bg_038_bashishi.NCGR"
0,"batt_bg\bg_038_bashishi.NCLR"
1,"batt_bg\bg_056_juzu.NCGR"
0,"batt_bg\bg_056_juzu.NCLR"
1,"batt_bg\bg_056_juzu.NSCR"
1,"batt_bg\bg_063_depthspd.NSCR"
1,"batt_bg\bg_063_depthspd1.NSCR"
1,"batt_bg\bg_063_depthspd2.NSCR"
1,"batt_bg\bg_063_depthspd3.NSCR"
1,"batt_bg\bg_063_depthspd.NCGR"
0,"batt_bg\bg_063_depthspd.NCLR"
1,"batt_bg\bg_069_earth111.NSCR"
1,"batt_bg\bg_069_earth.NCGR"
0,"batt_bg\bg_069_earth.NCLR"
1,"batt_bg\bg_069_earth.NSCR"
0,"batt_bg\bg_076_depthspd_y.NCLR"
1,"batt_bg\bg_087_darkcloud3.NSCR"
1,"batt_bg\bg_087_darkcloud.NCGR"
0,"batt_bg\bg_087_darkcloud.NCLR"
1,"batt_bg\bg_087_darkcloud.NSCR"
1,"batt_bg\bg_090_jiware1.NSCR"
1,"batt_bg\bg_090_jiware2.NSCR"
1,"batt_bg\bg_090_jiware.NCGR"
0,"batt_bg\bg_090_jiware.NCLR"
1,"batt_bg\bg_093_willpower1.NSCR"
1,"batt_bg\bg_093_willpower2.NSCR"
1,"batt_bg\bg_093_willpower3.NSCR"
1,"batt_bg\bg_093_willpower.NCGR"
0,"batt_bg\bg_093_willpower.NCLR"
1,"batt_bg\bg_094_psycho1.NCGR"
0,"batt_bg\bg_094_psycho.NCLR"
1,"batt_bg\bg_094_psycho.NSCR"
1,"batt_bg\bg_120_smallbang1.NSCR"
1,"batt_bg\bg_120_smallbang2.NSCR"
1,"batt_bg\bg_120_smallbang3.NSCR"
1,"batt_bg\bg_120_smallbang.NCGR"
0,"batt_bg\bg_120_smallbang.NCLR"
1,"batt_bg\bg_126_daimonji1.NSCR"
1,"batt_bg\bg_126_daimonji2.NSCR"
1,"batt_bg\bg_126_daimonji3.NSCR"
1,"batt_bg\bg_126_daimonji.NCGR"
0,"batt_bg\bg_126_daimonji.NCLR"
1,"batt_bg\bg_127_waterfall.NCGR"
0,"batt_bg\bg_127_waterfall.NCLR"
1,"batt_bg\bg_127_waterfall.NSCR"
0,"batt_bg\bg_143_depthspd_lb.NCLR"
1,"batt_bg\bg_171_nightmare.NCGR"
0,"batt_bg\bg_171_nightmare.NCLR"
1,"batt_bg\bg_171_nightmare.NSCR"
1,"batt_bg\bg_177_cyclone3.NSCR"
1,"batt_bg\bg_177_cyclone.NCGR"
0,"batt_bg\bg_177_cyclone.NCLR"
1,"batt_bg\bg_177_cyclone.NSCR"
1,"batt_bg\bg_192_lightning1.NSCR"
1,"batt_bg\bg_192_lightning2.NSCR"
1,"batt_bg\bg_192_lightning3.NSCR"
1,"batt_bg\bg_192_lightning.NSCR"
1,"batt_bg\bg_192_lightning.NCGR"
0,"batt_bg\bg_192_lightning.NCLR"
1,"batt_bg\bg_200_fire.NCGR"
0,"batt_bg\bg_200_fire.NCLR"
0,"batt_bg\bg_221_fire_o.NCLR"
1,"batt_bg\bg_200_fire.NSCR"
1,"batt_bg\bg_236_moon.NCGR"
0,"batt_bg\bg_236_moon.NCLR"
1,"batt_bg\bg_236_moon.NSCR"
1,"batt_bg\bg_264_supernova1.NSCR"
1,"batt_bg\bg_264_supernova2.NSCR"
1,"batt_bg\bg_264_supernova3.NSCR"
1,"batt_bg\bg_264_supernova.NCGR"
0,"batt_bg\bg_264_supernova.NCLR"
0,"batt_bg\bg_308_depthspd_b.NCLR"
1,"batt_bg\bg_322_cosmos.NCGR"
0,"batt_bg\bg_322_cosmos.NCLR"
1,"batt_bg\bg_322_cosmos.NSCR"
1,"batt_bg\bg_327_bluesky.NCGR"
0,"batt_bg\bg_327_bluesky.NCLR"
1,"batt_bg\bg_327_bluesky.NSCR"
1,"batt_bg\bg_338_greenleaf.NCGR"
0,"batt_bg\bg_338_greenleaf.NCLR"
1,"batt_bg\bg_338_greenleaf.NSCR"
1,"batt_bg\bg_344_voltaicer.NCGR"
0,"batt_bg\bg_344_voltaicer.NCLR"
1,"batt_bg\bg_344_voltaicer.NSCR"
1,"batt_bg\bg_352_seabed3.NSCR"
1,"batt_bg\bg_352_seabed.NCGR"
0,"batt_bg\bg_352_seabed.NCLR"
1,"batt_bg\bg_352_seabed.NSCR"
1,"batt_bg\bg_370_speed.NCGR"
0,"batt_bg\bg_370_speed.NCLR"
1,"batt_bg\bg_370_speed.NSCR"
1,"batt_bg\bg_370_speed3.NSCR"
0,"batt_bg\bg_396_juzu_y.NCLR"
0,"batt_bg\bg_411_juzu_r.NCLR"
0,"batt_bg\bg_416_fireworks_y.NCLR"
1,"batt_bg\bg_433_wireroom.NCGR"
0,"batt_bg\bg_433_wireroom.NCLR"
1,"batt_bg\bg_433_wireroom.NSCR"
1,"batt_bg\bg_434_shtingstar1.NSCR"
1,"batt_bg\bg_434_shtingstar2.NSCR"
1,"batt_bg\bg_434_shtingstar.NCGR"
0,"batt_bg\bg_434_shtingstar.NCLR"
1,"batt_bg\bg_437_leafstorm.NCGR"
0,"batt_bg\bg_437_leafstorm.NCLR"
1,"batt_bg\bg_437_leafstorm.NSCR"
0,"batt_bg\bg_438_bashishi_g.NCLR"
1,"batt_bg\bg_439_speed.NCGR"
0,"batt_bg\bg_439_speed.NCLR"
1,"batt_bg\bg_439_speed.NSCR"
0,"batt_bg\bg_441_juzu_p.NCLR"
0,"batt_bg\bg_452_bashishi_yg.NCLR"
1,"batt_bg\bg_457_smallbang1.NSCR"
1,"batt_bg\bg_457_smallbang2.NSCR"
1,"batt_bg\bg_457_smallbang3.NSCR"
1,"batt_bg\bg_457_smallbang.NCGR"
0,"batt_bg\bg_457_smallbang.NCLR"
1,"batt_bg\bg_460_echo1.NSCR"
1,"batt_bg\bg_460_echo2.NSCR"
1,"batt_bg\bg_460_echo3.NSCR"
1,"batt_bg\bg_460_echo.NCGR"
0,"batt_bg\bg_460_echo.NCLR"
1,"batt_bg\bg_461_crescent.NCGR"
0,"batt_bg\bg_461_crescent.NCLR"
1,"batt_bg\bg_461_crescent.NSCR"
1,"batt_bg\bg_463_magma.NCGR"
0,"batt_bg\bg_463_magma.NCLR"
1,"batt_bg\bg_463_magma.NSCR"
1,"batt_bg\bg_464_downer.NCGR"
0,"batt_bg\bg_464_downer.NCLR"
1,"batt_bg\bg_464_downer.NSCR"
1,"batt_bg\bg_465_emission1.NSCR"
1,"batt_bg\bg_465_emission2.NSCR"
1,"batt_bg\bg_465_emission3.NSCR"
1,"batt_bg\bg_465_emission.NCGR"
0,"batt_bg\bg_465_emission.NCLR"
1,"batt_bg\bg_467_speed.NCGR"
0,"batt_bg\bg_467_speed.NCLR"
1,"batt_bg\bg_467_speed.NSCR"
1,"batt_bg\effect_057.NCGR"
0,"batt_bg\effect_057.NCLR"
1,"batt_bg\effect_057a.NSCR"
1,"batt_bg\effect_057b.NSCR"
1,"batt_bg\effect_059.NCGR"
0,"batt_bg\effect_059.NCLR"
1,"batt_bg\effect_059a.NSCR"
1,"batt_bg\effect_059b.NSCR"
0,"batt_bg\effect_330.NCLR"
0,"batt_bg\bg_344_lightning_bl.NCLR"
