0,"batt_obj\gauge.NCLR"
1,"batt_obj\gauge_aa.NANR"
1,"batt_obj\gauge_aa.NCER"
1,"batt_obj\gauge_aa.NCGR"
1,"batt_obj\gauge_bb.NANR"
1,"batt_obj\gauge_bb.NCER"
1,"batt_obj\gauge_bb.NCGR"
1,"batt_obj\gauge_name_aa.NCGR"
1,"batt_obj\gauge_name_aa.NCER"
1,"batt_obj\gauge_name_aa.NANR"
1,"batt_obj\gauge_name_bb.NCGR"
1,"batt_obj\gauge_name_bb.NCER"
1,"batt_obj\gauge_name_bb.NANR"
1,"batt_obj\ground00_m.NCGR"
1,"batt_obj\ground00_m.NCER"
1,"batt_obj\ground00_m.NANR"
1,"batt_obj\ground00_e.NCGR"
1,"batt_obj\ground00_e.NCER"
1,"batt_obj\ground00_e.NANR"
1,"batt_obj\ground01_m.NCGR"
1,"batt_obj\ground01_e.NCGR"
1,"batt_obj\ground02_m.NCGR"
1,"batt_obj\ground02_e.NCGR"
1,"batt_obj\ground03_m.NCGR"
1,"batt_obj\ground03_e.NCGR"
1,"batt_obj\ground04_m.NCGR"
1,"batt_obj\ground04_e.NCGR"
1,"batt_obj\ground05_m.NCGR"
1,"batt_obj\ground05_e.NCGR"
1,"batt_obj\ground06_m.NCGR"
1,"batt_obj\ground06_e.NCGR"
1,"batt_obj\ground07_m.NCGR"
1,"batt_obj\ground07_e.NCGR"
1,"batt_obj\ground08_m.NCGR"
1,"batt_obj\ground08_e.NCGR"
1,"batt_obj\ground09_m.NCGR"
1,"batt_obj\ground09_e.NCGR"
1,"batt_obj\ground10_m.NCGR"
1,"batt_obj\ground10_e.NCGR"
0,"batt_obj\batt_ground00_d.NCLR"
0,"batt_obj\batt_ground00_e.NCLR"
0,"batt_obj\batt_ground00_n.NCLR"
0,"batt_obj\batt_ground01_d.NCLR"
0,"batt_obj\batt_ground01_e.NCLR"
0,"batt_obj\batt_ground01_n.NCLR"
0,"batt_obj\batt_ground02_d.NCLR"
0,"batt_obj\batt_ground02_e.NCLR"
0,"batt_obj\batt_ground02_n.NCLR"
0,"batt_obj\batt_ground03_d.NCLR"
0,"batt_obj\batt_ground03_e.NCLR"
0,"batt_obj\batt_ground03_n.NCLR"
0,"batt_obj\batt_ground04_d.NCLR"
0,"batt_obj\batt_ground04_e.NCLR"
0,"batt_obj\batt_ground04_n.NCLR"
0,"batt_obj\batt_ground05_d.NCLR"
0,"batt_obj\batt_ground05_e.NCLR"
0,"batt_obj\batt_ground05_n.NCLR"
0,"batt_obj\batt_ground06_d.NCLR"
0,"batt_obj\batt_ground06_e.NCLR"
0,"batt_obj\batt_ground06_n.NCLR"
0,"batt_obj\batt_ground07_d.NCLR"
0,"batt_obj\batt_ground07_e.NCLR"
0,"batt_obj\batt_ground07_n.NCLR"
0,"batt_obj\batt_ground08_d.NCLR"
0,"batt_obj\batt_ground08_e.NCLR"
0,"batt_obj\batt_ground08_n.NCLR"
0,"batt_obj\batt_ground09_d.NCLR"
0,"batt_obj\batt_ground09_e.NCLR"
0,"batt_obj\batt_ground09_n.NCLR"
0,"batt_obj\batt_ground10_d.NCLR"
0,"batt_obj\batt_ground10_e.NCLR"
0,"batt_obj\batt_ground10_n.NCLR"
0,"batt_obj\space_color.NCLR"
1,"batt_obj\space_32k_32x16.NANR"
1,"batt_obj\space_32k_32x16.NCER"
1,"batt_obj\space_32k_32x16.NCGR"
0,"batt_obj\gage_palette.NCLR"
1,"batt_obj\single_arrow_animation1.NANR"
1,"batt_obj\single_arrow_animation1.NCER"
1,"batt_obj\single_arrow_animation1.NCGR"
1,"batt_obj\single_arrow_animation2.NANR"
1,"batt_obj\single_arrow_animation2.NCER"
1,"batt_obj\single_arrow_animation2.NCGR"
1,"batt_obj\single_gage1.NANR"
1,"batt_obj\single_gage1.NCER"
1,"batt_obj\single_gage1.NCGR"
1,"batt_obj\single_gage2.NANR"
1,"batt_obj\single_gage2.NCER"
1,"batt_obj\single_gage2.NCGR"
1,"batt_obj\double_gage1.NANR"
1,"batt_obj\double_gage1.NCER"
1,"batt_obj\double_gage1.NCGR"
1,"batt_obj\double_gage2.NANR"
1,"batt_obj\double_gage2.NCER"
1,"batt_obj\double_gage2.NCGR"
1,"batt_obj\double_gage3.NANR"
1,"batt_obj\double_gage3.NCER"
1,"batt_obj\double_gage3.NCGR"
1,"batt_obj\double_gage4.NANR"
1,"batt_obj\double_gage4.NCER"
1,"batt_obj\double_gage4.NCGR"
0,"batt_obj\battle_wobj.NCLR"
1,"batt_obj\battle_stock_e.NCER"
1,"batt_obj\battle_stock_e.NCGR"
1,"batt_obj\battle_stock_e.NANR"
1,"batt_obj\battle_stock_m.NCER"
1,"batt_obj\battle_stock_m.NCGR"
1,"batt_obj\battle_stock_m.NANR"
0,"batt_obj\batt_waku.NCLR"
1,"batt_obj\battle_w_waku1.NCER"
1,"batt_obj\battle_w_waku1.NCGR"
1,"batt_obj\battle_w_waku1.NANR"
1,"batt_obj\battle_w_waku2.NCER"
1,"batt_obj\battle_w_waku2.NCGR"
1,"batt_obj\battle_w_waku2.NANR"
1,"batt_obj\battle_w_waku3.NCER"
1,"batt_obj\battle_w_waku3.NCGR"
1,"batt_obj\battle_w_waku3.NANR"
1,"batt_obj\p_st_type_beautiful.NCGR"
1,"batt_obj\p_st_type_cute.NCGR"
1,"batt_obj\p_st_type_dragon.NCGR"
1,"batt_obj\p_st_type_ele.NCGR"
1,"batt_obj\p_st_type_esp.NCGR"
1,"batt_obj\p_st_type_evil.NCGR"
1,"batt_obj\p_st_type_fight.NCGR"
1,"batt_obj\p_st_type_fire.NCGR"
1,"batt_obj\p_st_type_flight.NCGR"
1,"batt_obj\p_st_type_ghost.NCGR"
1,"batt_obj\p_st_type_ground.NCGR"
1,"batt_obj\p_st_type_ice.NCGR"
1,"batt_obj\p_st_type_insect.NCGR"
1,"batt_obj\p_st_type_intelli.NCGR"
1,"batt_obj\p_st_type_grass.NCGR"
1,"batt_obj\p_st_type_normal.NCGR"
1,"batt_obj\p_st_type_poison.NCGR"
1,"batt_obj\p_st_type_ques.NCGR"
1,"batt_obj\p_st_type_rock.NCGR"
1,"batt_obj\p_st_type_steel.NCGR"
1,"batt_obj\p_st_type_strong.NCGR"
1,"batt_obj\p_st_type_style.NCGR"
1,"batt_obj\p_st_type_water.NCGR"
1,"batt_obj\p_st_type_normal.NCER"
1,"batt_obj\p_st_type_normal.NANR"
0,"batt_obj\st_type.NCLR"
1,"batt_obj\p_st_bunrui_buturi.NCGR"
1,"batt_obj\p_st_bunrui_henka.NCGR"
1,"batt_obj\p_st_bunrui_tokusyu.NCGR"
0,"batt_obj\poke_oam.NCLR"
0,"batt_obj\poke_oam.NCGR"
0,"batt_obj\poke_oam.NCER"
0,"batt_obj\poke_oam.NANR"
0,"batt_obj\batt_m_ball.NCLR"
1,"batt_obj\batt_m_ball.NCGR"
1,"batt_obj\batt_m_ball.NCER"
1,"batt_obj\batt_m_ball.NANR"
1,"batt_obj\battle_cursor_oam_sub.NCGR"
1,"batt_obj\battle_cursor_oam_sub.NCER"
1,"batt_obj\battle_cursor_oam_sub.NANR"
0,"batt_obj\battle_cursor_oam_sub.NCLR"
1,"batt_obj\safari_gauge.NCGR"
1,"batt_obj\safari_gauge.NCER"
1,"batt_obj\safari_gauge.NANR"
0,"batt_obj\safari_w.NCLR"
0,"batt_obj\lv_up_plate.NCLR"
1,"batt_obj\lv_up_plate.NCGR"
1,"batt_obj\lv_up_plate.NCER"
1,"batt_obj\lv_up_plate.NANR"
0,"batt_obj\dtr1b_002.NCLR"
0,"batt_obj\dtr1b_001.NCLR"
0,"batt_obj\dtr1b_003.NCLR"
0,"batt_obj\fiveb_2.NCLR"
0,"batt_obj\fiveb_3.NCLR"
0,"batt_obj\fiveb_4.NCLR"
0,"batt_obj\fiveb_5.NCLR"
0,"batt_obj\fiveb_1.NCLR"
1,"batt_obj\dtr1b_002.NCGR"
1,"batt_obj\dtr1b_001.NCGR"
1,"batt_obj\dtr1b_003.NCGR"
1,"batt_obj\fiveb_2.NCGR"
1,"batt_obj\fiveb_3.NCGR"
1,"batt_obj\fiveb_4.NCGR"
1,"batt_obj\fiveb_5.NCGR"
1,"batt_obj\fiveb_1.NCGR"
1,"batt_obj\dtr1b_002.NCER"
1,"batt_obj\dtr1b_001.NCER"
1,"batt_obj\dtr1b_003.NCER"
1,"batt_obj\fiveb_2.NCER"
1,"batt_obj\fiveb_3.NCER"
1,"batt_obj\fiveb_4.NCER"
1,"batt_obj\fiveb_5.NCER"
1,"batt_obj\fiveb_1.NCER"
1,"batt_obj\dtr1b_002.NANR"
1,"batt_obj\dtr1b_001.NANR"
1,"batt_obj\dtr1b_003.NANR"
1,"batt_obj\fiveb_2.NANR"
1,"batt_obj\fiveb_3.NANR"
1,"batt_obj\fiveb_4.NANR"
1,"batt_obj\fiveb_5.NANR"
1,"batt_obj\fiveb_1.NANR"
1,"batt_obj\batt_ball_00.NANR"
1,"batt_obj\batt_ball_00.NCER"
1,"batt_obj\batt_ball_00.NCGR"
0,"batt_obj\batt_ball_00.NCLR"
1,"batt_obj\batt_ball_01.NANR"
1,"batt_obj\batt_ball_01.NCER"
1,"batt_obj\batt_ball_01.NCGR"
0,"batt_obj\batt_ball_01.NCLR"
1,"batt_obj\batt_ball_02.NANR"
1,"batt_obj\batt_ball_02.NCER"
1,"batt_obj\batt_ball_02.NCGR"
0,"batt_obj\batt_ball_02.NCLR"
1,"batt_obj\batt_ball_03.NANR"
1,"batt_obj\batt_ball_03.NCER"
1,"batt_obj\batt_ball_03.NCGR"
0,"batt_obj\batt_ball_03.NCLR"
1,"batt_obj\batt_ball_04.NANR"
1,"batt_obj\batt_ball_04.NCER"
1,"batt_obj\batt_ball_04.NCGR"
0,"batt_obj\batt_ball_04.NCLR"
1,"batt_obj\batt_ball_05.NANR"
1,"batt_obj\batt_ball_05.NCER"
1,"batt_obj\batt_ball_05.NCGR"
0,"batt_obj\batt_ball_05.NCLR"
1,"batt_obj\batt_ball_06.NANR"
1,"batt_obj\batt_ball_06.NCER"
1,"batt_obj\batt_ball_06.NCGR"
0,"batt_obj\batt_ball_06.NCLR"
1,"batt_obj\batt_ball_07.NANR"
1,"batt_obj\batt_ball_07.NCER"
1,"batt_obj\batt_ball_07.NCGR"
0,"batt_obj\batt_ball_07.NCLR"
1,"batt_obj\batt_ball_08.NANR"
1,"batt_obj\batt_ball_08.NCER"
1,"batt_obj\batt_ball_08.NCGR"
0,"batt_obj\batt_ball_08.NCLR"
1,"batt_obj\batt_ball_09.NANR"
1,"batt_obj\batt_ball_09.NCER"
1,"batt_obj\batt_ball_09.NCGR"
0,"batt_obj\batt_ball_09.NCLR"
1,"batt_obj\batt_ball_10.NANR"
1,"batt_obj\batt_ball_10.NCER"
1,"batt_obj\batt_ball_10.NCGR"
0,"batt_obj\batt_ball_10.NCLR"
1,"batt_obj\batt_ball_11.NANR"
1,"batt_obj\batt_ball_11.NCER"
1,"batt_obj\batt_ball_11.NCGR"
0,"batt_obj\batt_ball_11.NCLR"
1,"batt_obj\batt_ball_12.NANR"
1,"batt_obj\batt_ball_12.NCER"
1,"batt_obj\batt_ball_12.NCGR"
0,"batt_obj\batt_ball_12.NCLR"
1,"batt_obj\batt_ball_13.NANR"
1,"batt_obj\batt_ball_13.NCER"
1,"batt_obj\batt_ball_13.NCGR"
0,"batt_obj\batt_ball_13.NCLR"
1,"batt_obj\batt_ball_14.NANR"
1,"batt_obj\batt_ball_14.NCER"
1,"batt_obj\batt_ball_14.NCGR"
0,"batt_obj\batt_ball_14.NCLR"
1,"batt_obj\batt_ball_15.NANR"
1,"batt_obj\batt_ball_15.NCER"
1,"batt_obj\batt_ball_15.NCGR"
0,"batt_obj\batt_ball_15.NCLR"
1,"batt_obj\batt_ball_16.NANR"
1,"batt_obj\batt_ball_16.NCER"
1,"batt_obj\batt_ball_16.NCGR"
0,"batt_obj\batt_ball_16.NCLR"
1,"batt_obj\batt_ball_17.NANR"
1,"batt_obj\batt_ball_17.NCER"
1,"batt_obj\batt_ball_17.NCGR"
0,"batt_obj\batt_ball_17.NCLR"
1,"batt_obj\batt_ball_18.NANR"
1,"batt_obj\batt_ball_18.NCER"
1,"batt_obj\batt_ball_18.NCGR"
0,"batt_obj\batt_ball_18.NCLR"
1,"batt_obj\gauge_m_ball.NCGR"
1,"batt_obj\gauge_m_ball.NCER"
1,"batt_obj\gauge_m_ball.NANR"
0,"batt_obj\gauge_m_ball.NCLR"
